Component: ARM Compiler 5.06 update 5 (build 528) Tool: armlink [4d35e2]

==============================================================================

Section Cross References

    startup_stm32f10x_md.o(RESET) refers to startup_stm32f10x_md.o(STACK) for __initial_sp
    startup_stm32f10x_md.o(RESET) refers to startup_stm32f10x_md.o(.text) for Reset_Handler
    startup_stm32f10x_md.o(RESET) refers to stm32f10x_it.o(i.NMI_Handler) for NMI_Handler
    startup_stm32f10x_md.o(RESET) refers to stm32f10x_it.o(i.HardFault_Handler) for HardFault_Handler
    startup_stm32f10x_md.o(RESET) refers to stm32f10x_it.o(i.MemManage_Handler) for MemManage_Handler
    startup_stm32f10x_md.o(RESET) refers to stm32f10x_it.o(i.BusFault_Handler) for BusFault_Handler
    startup_stm32f10x_md.o(RESET) refers to stm32f10x_it.o(i.UsageFault_Handler) for UsageFault_Handler
    startup_stm32f10x_md.o(RESET) refers to stm32f10x_it.o(i.SVC_Handler) for SVC_Handler
    startup_stm32f10x_md.o(RESET) refers to stm32f10x_it.o(i.DebugMon_Handler) for DebugMon_Handler
    startup_stm32f10x_md.o(RESET) refers to stm32f10x_it.o(i.PendSV_Handler) for PendSV_Handler
    startup_stm32f10x_md.o(RESET) refers to stm32f10x_it.o(i.SysTick_Handler) for SysTick_Handler
    startup_stm32f10x_md.o(RESET) refers to vl53l0x_it.o(i.EXTI4_IRQHandler) for EXTI4_IRQHandler
    startup_stm32f10x_md.o(RESET) refers to timer.o(i.TIM3_IRQHandler) for TIM3_IRQHandler
    startup_stm32f10x_md.o(RESET) refers to usart.o(i.USART1_IRQHandler) for USART1_IRQHandler
    startup_stm32f10x_md.o(.text) refers to system_stm32f10x.o(i.SystemInit) for SystemInit
    startup_stm32f10x_md.o(.text) refers to entry.o(.ARM.Collect$$$$00000000) for __main
    system_stm32f10x.o(i.SetSysClock) refers to system_stm32f10x.o(i.SetSysClockTo72) for SetSysClockTo72
    system_stm32f10x.o(i.SystemCoreClockUpdate) refers to system_stm32f10x.o(.data) for SystemCoreClock
    system_stm32f10x.o(i.SystemInit) refers to system_stm32f10x.o(i.SetSysClock) for SetSysClock
    stm32f10x_adc.o(i.ADC_DeInit) refers to stm32f10x_rcc.o(i.RCC_APB2PeriphResetCmd) for RCC_APB2PeriphResetCmd
    stm32f10x_bkp.o(i.BKP_DeInit) refers to stm32f10x_rcc.o(i.RCC_BackupResetCmd) for RCC_BackupResetCmd
    stm32f10x_can.o(i.CAN_DeInit) refers to stm32f10x_rcc.o(i.RCC_APB1PeriphResetCmd) for RCC_APB1PeriphResetCmd
    stm32f10x_can.o(i.CAN_GetITStatus) refers to stm32f10x_can.o(i.CheckITStatus) for CheckITStatus
    stm32f10x_cec.o(i.CEC_DeInit) refers to stm32f10x_rcc.o(i.RCC_APB1PeriphResetCmd) for RCC_APB1PeriphResetCmd
    stm32f10x_dac.o(i.DAC_DeInit) refers to stm32f10x_rcc.o(i.RCC_APB1PeriphResetCmd) for RCC_APB1PeriphResetCmd
    stm32f10x_flash.o(i.FLASH_EnableWriteProtection) refers to stm32f10x_flash.o(i.FLASH_WaitForLastOperation) for FLASH_WaitForLastOperation
    stm32f10x_flash.o(i.FLASH_EraseAllBank1Pages) refers to stm32f10x_flash.o(i.FLASH_WaitForLastBank1Operation) for FLASH_WaitForLastBank1Operation
    stm32f10x_flash.o(i.FLASH_EraseAllPages) refers to stm32f10x_flash.o(i.FLASH_WaitForLastOperation) for FLASH_WaitForLastOperation
    stm32f10x_flash.o(i.FLASH_EraseOptionBytes) refers to stm32f10x_flash.o(i.FLASH_GetReadOutProtectionStatus) for FLASH_GetReadOutProtectionStatus
    stm32f10x_flash.o(i.FLASH_EraseOptionBytes) refers to stm32f10x_flash.o(i.FLASH_WaitForLastOperation) for FLASH_WaitForLastOperation
    stm32f10x_flash.o(i.FLASH_ErasePage) refers to stm32f10x_flash.o(i.FLASH_WaitForLastOperation) for FLASH_WaitForLastOperation
    stm32f10x_flash.o(i.FLASH_ProgramHalfWord) refers to stm32f10x_flash.o(i.FLASH_WaitForLastOperation) for FLASH_WaitForLastOperation
    stm32f10x_flash.o(i.FLASH_ProgramOptionByteData) refers to stm32f10x_flash.o(i.FLASH_WaitForLastOperation) for FLASH_WaitForLastOperation
    stm32f10x_flash.o(i.FLASH_ProgramWord) refers to stm32f10x_flash.o(i.FLASH_WaitForLastOperation) for FLASH_WaitForLastOperation
    stm32f10x_flash.o(i.FLASH_ReadOutProtection) refers to stm32f10x_flash.o(i.FLASH_WaitForLastOperation) for FLASH_WaitForLastOperation
    stm32f10x_flash.o(i.FLASH_UserOptionByteConfig) refers to stm32f10x_flash.o(i.FLASH_WaitForLastOperation) for FLASH_WaitForLastOperation
    stm32f10x_flash.o(i.FLASH_WaitForLastBank1Operation) refers to stm32f10x_flash.o(i.FLASH_GetBank1Status) for FLASH_GetBank1Status
    stm32f10x_flash.o(i.FLASH_WaitForLastOperation) refers to stm32f10x_flash.o(i.FLASH_GetBank1Status) for FLASH_GetBank1Status
    stm32f10x_gpio.o(i.GPIO_AFIODeInit) refers to stm32f10x_rcc.o(i.RCC_APB2PeriphResetCmd) for RCC_APB2PeriphResetCmd
    stm32f10x_gpio.o(i.GPIO_DeInit) refers to stm32f10x_rcc.o(i.RCC_APB2PeriphResetCmd) for RCC_APB2PeriphResetCmd
    stm32f10x_i2c.o(i.I2C_DeInit) refers to stm32f10x_rcc.o(i.RCC_APB1PeriphResetCmd) for RCC_APB1PeriphResetCmd
    stm32f10x_i2c.o(i.I2C_Init) refers to stm32f10x_rcc.o(i.RCC_GetClocksFreq) for RCC_GetClocksFreq
[...]
    i.VL53L0X_GetXTalkCompensationEnable     0x08002392   Section        0  vl53l0x_api.o(i.VL53L0X_GetXTalkCompensationEnable)
    i.VL53L0X_GetXTalkCompensationRateMegaCps 0x0800239e   Section        0  vl53l0x_api.o(i.VL53L0X_GetXTalkCompensationRateMegaCps)
    i.VL53L0X_PerformRefCalibration          0x080023d6   Section        0  vl53l0x_api.o(i.VL53L0X_PerformRefCalibration)
    i.VL53L0X_PerformRefSpadManagement       0x080023f6   Section        0  vl53l0x_api.o(i.VL53L0X_PerformRefSpadManagement)
    i.VL53L0X_PerformSingleMeasurement       0x08002414   Section        0  vl53l0x_api.o(i.VL53L0X_PerformSingleMeasurement)
    i.VL53L0X_PerformSingleRangingMeasurement 0x08002450   Section        0  vl53l0x_api.o(i.VL53L0X_PerformSingleRangingMeasurement)
    i.VL53L0X_PollingDelay                   0x08002488   Section        0  vl53l0x_platform.o(i.VL53L0X_PollingDelay)
    i.VL53L0X_RdByte                         0x080024a2   Section        0  vl53l0x_platform.o(i.VL53L0X_RdByte)
    i.VL53L0X_RdDWord                        0x080024ce   Section        0  vl53l0x_platform.o(i.VL53L0X_RdDWord)
    i.VL53L0X_RdWord                         0x080024fa   Section        0  vl53l0x_platform.o(i.VL53L0X_RdWord)
    i.VL53L0X_ReadMulti                      0x08002526   Section        0  vl53l0x_platform.o(i.VL53L0X_ReadMulti)
    i.VL53L0X_SetDeviceAddress               0x0800255c   Section        0  vl53l0x_api.o(i.VL53L0X_SetDeviceAddress)
    i.VL53L0X_SetDeviceMode                  0x08002580   Section        0  vl53l0x_api.o(i.VL53L0X_SetDeviceMode)
    i.VL53L0X_SetGpioConfig                  0x080025b2   Section        0  vl53l0x_api.o(i.VL53L0X_SetGpioConfig)
    i.VL53L0X_SetLimitCheckEnable            0x08002718   Section        0  vl53l0x_api.o(i.VL53L0X_SetLimitCheckEnable)
    i.VL53L0X_SetLimitCheckValue             0x080027da   Section        0  vl53l0x_api.o(i.VL53L0X_SetLimitCheckValue)
    i.VL53L0X_SetMeasurementTimingBudgetMicroSeconds 0x08002850   Section        0  vl53l0x_api.o(i.VL53L0X_SetMeasurementTimingBudgetMicroSeconds)
    i.VL53L0X_SetSequenceStepEnable          0x08002866   Section        0  vl53l0x_api.o(i.VL53L0X_SetSequenceStepEnable)
    i.VL53L0X_SetVcselPulsePeriod            0x0800292a   Section        0  vl53l0x_api.o(i.VL53L0X_SetVcselPulsePeriod)
    i.VL53L0X_StartMeasurement               0x08002948   Section        0  vl53l0x_api.o(i.VL53L0X_StartMeasurement)
    i.VL53L0X_StaticInit                     0x08002a54   Section        0  vl53l0x_api.o(i.VL53L0X_StaticInit)
    i.VL53L0X_UpdateByte                     0x08002bf4   Section        0  vl53l0x_platform.o(i.VL53L0X_UpdateByte)
    i.VL53L0X_WrByte                         0x08002c46   Section        0  vl53l0x_platform.o(i.VL53L0X_WrByte)
    i.VL53L0X_WrWord                         0x08002c72   Section        0  vl53l0x_platform.o(i.VL53L0X_WrWord)
    i.VL53L0X_WriteMulti                     0x08002c9e   Section        0  vl53l0x_platform.o(i.VL53L0X_WriteMulti)
    i.VL53L0X_calc_dmax                      0x08002cdc   Section        0  vl53l0x_api_core.o(i.VL53L0X_calc_dmax)
    i.VL53L0X_calc_macro_period_ps           0x08002e68   Section        0  vl53l0x_api_core.o(i.VL53L0X_calc_macro_period_ps)
    i.VL53L0X_calc_sigma_estimate            0x08002e80   Section        0  vl53l0x_api_core.o(i.VL53L0X_calc_sigma_estimate)
    i.VL53L0X_calc_timeout_mclks             0x08003190   Section        0  vl53l0x_api_core.o(i.VL53L0X_calc_timeout_mclks)
    i.VL53L0X_calc_timeout_us                0x080031c4   Section        0  vl53l0x_api_core.o(i.VL53L0X_calc_timeout_us)
    i.VL53L0X_check_part_used                0x080031f8   Section        0  vl53l0x_api_strings.o(i.VL53L0X_check_part_used)
    i.VL53L0X_decode_timeout                 0x08003248   Section        0  vl53l0x_api_core.o(i.VL53L0X_decode_timeout)
    i.VL53L0X_decode_vcsel_period            0x08003256   Section        0  vl53l0x_api_core.o(i.VL53L0X_decode_vcsel_period)
    i.VL53L0X_device_read_strobe             0x08003262   Section        0  vl53l0x_api_core.o(i.VL53L0X_device_read_strobe)
    i.VL53L0X_encode_timeout                 0x080032b4   Section        0  vl53l0x_api_core.o(i.VL53L0X_encode_timeout)
    i.VL53L0X_encode_vcsel_period            0x080032dc   Section        0  vl53l0x_api_core.o(i.VL53L0X_encode_vcsel_period)
    i.VL53L0X_get_device_info                0x080032ec   Section        0  vl53l0x_api_strings.o(i.VL53L0X_get_device_info)
    i.VL53L0X_get_info_from_device           0x080033c8   Section        0  vl53l0x_api_core.o(i.VL53L0X_get_info_from_device)
    i.VL53L0X_get_measurement_timing_budget_micro_seconds 0x08003912   Section        0  vl53l0x_api_core.o(i.VL53L0X_get_measurement_timing_budget_micro_seconds)
    i.VL53L0X_get_offset_calibration_data_micro_meter 0x08003a00   Section        0  vl53l0x_api_calibration.o(i.VL53L0X_get_offset_calibration_data_micro_meter)
    i.VL53L0X_get_pal_error_string           0x08003a58   Section        0  vl53l0x_api_strings.o(i.VL53L0X_get_pal_error_string)
    i.VL53L0X_get_pal_range_status           0x08003d24   Section        0  vl53l0x_api_core.o(i.VL53L0X_get_pal_range_status)
    i.VL53L0X_get_range_status_string        0x08003f58   Section        0  vl53l0x_api_strings.o(i.VL53L0X_get_range_status_string)
    i.VL53L0X_get_total_signal_rate          0x0800402c   Section        0  vl53l0x_api_core.o(i.VL53L0X_get_total_signal_rate)
    i.VL53L0X_get_total_xtalk_rate           0x08004054   Section        0  vl53l0x_api_core.o(i.VL53L0X_get_total_xtalk_rate)
    i.VL53L0X_get_vcsel_pulse_period         0x0800408e   Section        0  vl53l0x_api_core.o(i.VL53L0X_get_vcsel_pulse_period)
    i.VL53L0X_i2c_init                       0x080040d4   Section        0  vl53l0x_i2c.o(i.VL53L0X_i2c_init)
    i.VL53L0X_isqrt                          0x08004108   Section        0  vl53l0x_api_core.o(i.VL53L0X_isqrt)
    i.VL53L0X_load_tuning_settings           0x08004134   Section        0  vl53l0x_api_core.o(i.VL53L0X_load_tuning_settings)
    i.VL53L0X_measurement_poll_for_completion 0x0800421e   Section        0  vl53l0x_api_core.o(i.VL53L0X_measurement_poll_for_completion)
    i.VL53L0X_perform_phase_calibration      0x08004260   Section        0  vl53l0x_api_calibration.o(i.VL53L0X_perform_phase_calibration)
    i.VL53L0X_perform_ref_calibration        0x080042dc   Section        0  vl53l0x_api_calibration.o(i.VL53L0X_perform_ref_calibration)
    i.VL53L0X_perform_ref_spad_management    0x08004328   Section        0  vl53l0x_api_calibration.o(i.VL53L0X_perform_ref_spad_management)
    i.VL53L0X_perform_single_ref_calibration 0x080045ba   Section        0  vl53l0x_api_calibration.o(i.VL53L0X_perform_single_ref_calibration)
    i.VL53L0X_perform_vhv_calibration        0x080045fa   Section        0  vl53l0x_api_calibration.o(i.VL53L0X_perform_vhv_calibration)
    i.VL53L0X_read_byte                      0x08004678   Section        0  vl53l0x_i2c.o(i.VL53L0X_read_byte)
    i.VL53L0X_read_dword                     0x08004698   Section        0  vl53l0x_i2c.o(i.VL53L0X_read_dword)
    i.VL53L0X_read_multi                     0x080046d2   Section        0  vl53l0x_i2c.o(i.VL53L0X_read_multi)
    i.VL53L0X_read_word                      0x080046fa   Section        0  vl53l0x_i2c.o(i.VL53L0X_read_word)
    i.VL53L0X_ref_calibration_io             0x08004724   Section        0  vl53l0x_api_calibration.o(i.VL53L0X_ref_calibration_io)
    i.VL53L0X_set_measurement_timing_budget_micro_seconds 0x080047d4   Section        0  vl53l0x_api_core.o(i.VL53L0X_set_measurement_timing_budget_micro_seconds)
    i.VL53L0X_set_reference_spads            0x080048fa   Section        0  vl53l0x_api_calibration.o(i.VL53L0X_set_reference_spads)
    i.VL53L0X_set_vcsel_pulse_period         0x080049bc   Section        0  vl53l0x_api_core.o(i.VL53L0X_set_vcsel_pulse_period)
    i.VL53L0X_write_byte                     0x08004cba   Section        0  vl53l0x_i2c.o(i.VL53L0X_write_byte)
    i.VL53L0X_write_multi                    0x08004cd4   Section        0  vl53l0x_i2c.o(i.VL53L0X_write_multi)
    i.VL53L0X_write_word                     0x08004cfc   Section        0  vl53l0x_i2c.o(i.VL53L0X_write_word)
    i.VL_IIC_Ack                             0x08004d54   Section        0  vl53l0x_i2c.o(i.VL_IIC_Ack)
    i.VL_IIC_NAck                            0x08004da4   Section        0  vl53l0x_i2c.o(i.VL_IIC_NAck)
    i.VL_IIC_Read_Byte                       0x08004df4   Section        0  vl53l0x_i2c.o(i.VL_IIC_Read_Byte)
    i.VL_IIC_Read_nByte                      0x08004e70   Section        0  vl53l0x_i2c.o(i.VL_IIC_Read_nByte)
    i.VL_IIC_Send_Byte                       0x08004ee0   Section        0  vl53l0x_i2c.o(i.VL_IIC_Send_Byte)
    i.VL_IIC_Start                           0x08004f54   Section        0  vl53l0x_i2c.o(i.VL_IIC_Start)
    i.VL_IIC_Stop                            0x08004fa0   Section        0  vl53l0x_i2c.o(i.VL_IIC_Stop)
    i.VL_IIC_Wait_Ack                        0x08004fec   Section        0  vl53l0x_i2c.o(i.VL_IIC_Wait_Ack)
    i.VL_IIC_Write_nByte                     0x08005050   Section        0  vl53l0x_i2c.o(i.VL_IIC_Write_nByte)
    i.__0printf                              0x080050a0   Section        0  printfa.o(i.__0printf)
    i.__scatterload_copy                     0x080050c0   Section       14  handlers.o(i.__scatterload_copy)
    i.__scatterload_null                     0x080050ce   Section        2  handlers.o(i.__scatterload_null)
    i.__scatterload_zeroinit                 0x080050d0   Section       14  handlers.o(i.__scatterload_zeroinit)
    i._fp_digits                             0x080050e0   Section        0  printfa.o(i._fp_digits)
    _fp_digits                               0x080050e1   Thumb Code   366  printfa.o(i._fp_digits)
    i._printf_core                           0x08005264   Section        0  printfa.o(i._printf_core)
    _printf_core                             0x08005265   Thumb Code  1744  printfa.o(i._printf_core)
    i._printf_post_padding                   0x08005940   Section        0  printfa.o(i._printf_post_padding)
    _printf_post_padding                     0x08005941   Thumb Code    36  printfa.o(i._printf_post_padding)
    i._printf_pre_padding                    0x08005964   Section        0  printfa.o(i._printf_pre_padding)
    _printf_pre_padding                      0x08005965   Thumb Code    46  printfa.o(i._printf_pre_padding)
    i.delay_init                             0x08005994   Section        0  delay.o(i.delay_init)
    i.delay_ms                               0x080059d8   Section        0  delay.o(i.delay_ms)
    i.delay_us                               0x08005a24   Section        0  delay.o(i.delay_us)
    i.enable_ref_spads                       0x08005a70   Section        0  vl53l0x_api_calibration.o(i.enable_ref_spads)
    i.enable_spad_bit                        0x08005b1c   Section        0  vl53l0x_api_calibration.o(i.enable_spad_bit)
    i.fputc                                  0x08005b50   Section        0  usart.o(i.fputc)
    i.get_next_good_spad                     0x08005b6c   Section        0  vl53l0x_api_calibration.o(i.get_next_good_spad)
    i.get_ref_spad_map                       0x08005bd4   Section        0  vl53l0x_api_calibration.o(i.get_ref_spad_map)
    i.get_sequence_step_timeout              0x08005bec   Section        0  vl53l0x_api_core.o(i.get_sequence_step_timeout)
    i.is_aperture                            0x08005d10   Section        0  vl53l0x_api_calibration.o(i.is_aperture)
    i.main                                   0x08005d28   Section        0  main.o(i.main)
    i.perform_ref_signal_measurement         0x080062f0   Section        0  vl53l0x_api_calibration.o(i.perform_ref_signal_measurement)
    i.print_pal_error                        0x08006360   Section        0  vl53l0x.o(i.print_pal_error)
    i.sequence_step_enabled                  0x08006394   Section        0  vl53l0x_api.o(i.sequence_step_enabled)
    i.set_ref_spad_map                       0x080063dc   Section        0  vl53l0x_api_calibration.o(i.set_ref_spad_map)
    i.set_sequence_step_timeout              0x080063f4   Section        0  vl53l0x_api_core.o(i.set_sequence_step_timeout)
    i.uart_init                              0x08006528   Section        0  usart.o(i.uart_init)
    i.vl53l0x_Addr_set                       0x080065c8   Section        0  vl53l0x.o(i.vl53l0x_Addr_set)
    i.vl53l0x_init                           0x0800666c   Section        0  vl53l0x.o(i.vl53l0x_init)
    i.vl53l0x_reset                          0x08006720   Section        0  vl53l0x.o(i.vl53l0x_reset)
    i.vl53l0x_set_mode                       0x08006760   Section        0  vl53l0x_gen.o(i.vl53l0x_set_mode)
    i.vl53l0x_start_single_test              0x08006890   Section        0  vl53l0x_gen.o(i.vl53l0x_start_single_test)
    .constdata                               0x080068d4   Section     1520  oled.o(.constdata)
    .data                                    0x20000000   Section       20  system_stm32f10x.o(.data)
    .data                                    0x20000014   Section       20  stm32f10x_rcc.o(.data)
    APBAHBPrescTable                         0x20000014   Data          16  stm32f10x_rcc.o(.data)
    ADCPrescTable                            0x20000024   Data           4  stm32f10x_rcc.o(.data)
    .data                                    0x20000028   Section       12  key.o(.data)
    key_up                                   0x2000002c   Data           1  key.o(.data)
    sum                                      0x20000030   Data           4  key.o(.data)
    .data                                    0x20000034   Section        4  delay.o(.data)
    fac_us                                   0x20000034   Data           1  delay.o(.data)
    fac_ms                                   0x20000036   Data           2  delay.o(.data)
    .data                                    0x20000038   Section       32  timer.o(.data)
    .data                                    0x20000058   Section        6  usart.o(.data)
    .data                                    0x20000060   Section       36  main.o(.data)
    .data                                    0x20000084   Section      681  vl53l0x_api.o(.data)
    .data                                    0x20000330   Section       16  vl53l0x_api_calibration.o(.data)
    .data                                    0x20000340   Section       13  vl53l0x_it.o(.data)
    .data                                    0x20000350   Section        4  vl53l0x_gen.o(.data)
    .data                                    0x20000354   Section       57  vl53l0x.o(.data)
    .bss                                     0x20000390   Section      200  usart.o(.bss)
    .bss                                     0x20000458   Section       32  main.o(.bss)
    buf                                      0x20000458   Data          32  main.o(.bss)
    .bss                                     0x20000478   Section      216  pid_control.o(.bss)
    .bss                                     0x20000550   Section       60  vl53l0x_gen.o(.bss)
    buf                                      0x2000056c   Data          32  vl53l0x_gen.o(.bss)
    .bss                                     0x2000058c   Section      451  vl53l0x.o(.bss)
    STACK                                    0x20000750   Section     1024  startup_stm32f10x_md.o(STACK)

    Global Symbols

    Symbol Name                              Value     Ov Type        Size  Object(Section)

    BuildAttributes$$THM_ISAv4$P$D$K$B$S$PE$A:L22UL41UL21$X:L11$S22US41US21$IEEE1$IW$USESV6$~STKCKD$USESV7$~SHL$OTIME$ROPI$EBA8$MICROLIB$REQ8$PRES8$EABIv2 0x00000000   Number         0  anon$$obj.o ABSOLUTE
    __ARM_use_no_argv                        0x00000000   Number         0  main.o ABSOLUTE
    __use_no_errno                           0x00000000   Number         0  useno.o ABSOLUTE
    __use_no_exception_handling              0x00000000   Number         0  useno.o ABSOLUTE
    __use_no_fp                              0x00000000   Number         0  useno.o ABSOLUTE
    __use_no_heap                            0x00000000   Number         0  useno.o ABSOLUTE
    __use_no_heap_region                     0x00000000   Number         0  useno.o ABSOLUTE
    __use_no_semihosting                     0x00000000   Number         0  useno.o ABSOLUTE
    __use_no_semihosting_swi                 0x00000000   Number         0  useno.o ABSOLUTE
    __use_no_signal_handling                 0x00000000   Number         0  useno.o ABSOLUTE
    _printf_a                                0x00000000   Number         0  stubs.o ABSOLUTE
    _printf_c                                0x00000000   Number         0  stubs.o ABSOLUTE
    _printf_charcount                        0x00000000   Number         0  stubs.o ABSOLUTE
    _printf_d                                0x00000000   Number         0  stubs.o ABSOLUTE
    _printf_e                                0x00000000   Number         0  stubs.o ABSOLUTE
    _printf_f                                0x00000000   Number         0  stubs.o ABSOLUTE
    _printf_flags                            0x00000000   Number         0  stubs.o ABSOLUTE
    _printf_fp_dec                           0x00000000   Number         0  stubs.o ABSOLUTE
    _printf_fp_hex                           0x00000000   Number         0  stubs.o ABSOLUTE
    _printf_g                                0x00000000   Number         0  stubs.o ABSOLUTE
    _printf_i                                0x00000000   Number         0  stubs.o ABSOLUTE
    _printf_int_dec                          0x00000000   Number         0  stubs.o ABSOLUTE
    _printf_l                                0x00000000   Number         0  stubs.o ABSOLUTE
    _printf_lc                               0x00000000   Number         0  stubs.o ABSOLUTE
    _printf_ll                               0x00000000   Number         0  stubs.o ABSOLUTE
    _printf_lld                              0x00000000   Number         0  stubs.o ABSOLUTE
    _printf_lli                              0x00000000   Number         0  stubs.o ABSOLUTE
    _printf_llo                              0x00000000   Number         0  stubs.o ABSOLUTE
    _printf_llu                              0x00000000   Number         0  stubs.o ABSOLUTE
    _printf_llx                              0x00000000   Number         0  stubs.o ABSOLUTE
    _printf_longlong_dec                     0x00000000   Number         0  stubs.o ABSOLUTE
    _printf_longlong_hex                     0x00000000   Number         0  stubs.o ABSOLUTE
    _printf_longlong_oct                     0x00000000   Number         0  stubs.o ABSOLUTE
    _printf_ls                               0x00000000   Number         0  stubs.o ABSOLUTE
    _printf_mbtowc                           0x00000000   Number         0  stubs.o ABSOLUTE
    _printf_n                                0x00000000   Number         0  stubs.o ABSOLUTE
    _printf_o                                0x00000000   Number         0  stubs.o ABSOLUTE
    _printf_p                                0x00000000   Number         0  stubs.o ABSOLUTE
    _printf_percent                          0x00000000   Number         0  stubs.o ABSOLUTE
    _printf_pre_padding                      0x00000000   Number         0  stubs.o ABSOLUTE
    _printf_return_value                     0x00000000   Number         0  stubs.o ABSOLUTE
    _printf_s                                0x00000000   Number         0  stubs.o ABSOLUTE
    _printf_sizespec                         0x00000000   Number         0  stubs.o ABSOLUTE
    _printf_str                              0x00000000   Number         0  stubs.o ABSOLUTE
    _printf_truncate_signed                  0x00000000   Number         0  stubs.o ABSOLUTE
    _printf_truncate_unsigned                0x00000000   Number         0  stubs.o ABSOLUTE
    _printf_u                                0x00000000   Number         0  stubs.o ABSOLUTE
    _printf_wc                               0x00000000   Number         0  stubs.o ABSOLUTE
    _printf_wctomb                           0x00000000   Number         0  stubs.o ABSOLUTE
    _printf_widthprec                        0x00000000   Number         0  stubs.o ABSOLUTE
    _printf_x                                0x00000000   Number         0  stubs.o ABSOLUTE
    __cpp_initialize__aeabi_                  - Undefined Weak Reference
    __cxa_finalize                            - Undefined Weak Reference
    _clock_init                               - Undefined Weak Reference
    _microlib_exit                            - Undefined Weak Reference
    __Vectors_Size                           0x000000ec   Number         0  startup_stm32f10x_md.o ABSOLUTE
    __Vectors                                0x08000000   Data           4  startup_stm32f10x_md.o(RESET)
    __Vectors_End                            0x080000ec   Data           0  startup_stm32f10x_md.o(RESET)
    __main                                   0x080000ed   Thumb Code     0  entry.o(.ARM.Collect$$$$00000000)
    _main_stk                                0x080000ed   Thumb Code     0  entry2.o(.ARM.Collect$$$$00000001)
    _main_scatterload                        0x080000f1   Thumb Code     0  entry5.o(.ARM.Collect$$$$00000004)
    __main_after_scatterload                 0x080000f5   Thumb Code     0  entry5.o(.ARM.Collect$$$$00000004)
    _main_clock                              0x080000f5   Thumb Code     0  entry7b.o(.ARM.Collect$$$$00000008)
    _main_cpp_init                           0x080000f5   Thumb Code     0  entry8b.o(.ARM.Collect$$$$0000000A)
    _main_init                               0x080000f5   Thumb Code     0  entry9a.o(.ARM.Collect$$$$0000000B)
    __rt_final_cpp                           0x080000fd   Thumb Code     0  entry10a.o(.ARM.Collect$$$$0000000D)
    __rt_final_exit                          0x080000fd   Thumb Code     0  entry11a.o(.ARM.Collect$$$$0000000F)
    Reset_Handler                            0x08000101   Thumb Code     8  startup_stm32f10x_md.o(.text)
    ADC1_2_IRQHandler                        0x0800011b   Thumb Code     0  startup_stm32f10x_md.o(.text)
    CAN1_RX1_IRQHandler                      0x0800011b   Thumb Code     0  startup_stm32f10x_md.o(.text)
    CAN1_SCE_IRQHandler                      0x0800011b   Thumb Code     0  startup_stm32f10x_md.o(.text)
    DMA1_Channel1_IRQHandler                 0x0800011b   Thumb Code     0  startup_stm32f10x_md.o(.text)
    DMA1_Channel2_IRQHandler                 0x0800011b   Thumb Code     0  startup_stm32f10x_md.o(.text)
    DMA1_Channel3_IRQHandler                 0x0800011b   Thumb Code     0  startup_stm32f10x_md.o(.text)
    DMA1_Channel4_IRQHandler                 0x0800011b   Thumb Code     0  startup_stm32f10x_md.o(.text)
    DMA1_Channel5_IRQHandler                 0x0800011b   Thumb Code     0  startup_stm32f10x_md.o(.text)
    DMA1_Channel6_IRQHandler                 0x0800011b   Thumb Code     0  startup_stm32f10x_md.o(.text)
    DMA1_Channel7_IRQHandler                 0x0800011b   Thumb Code     0  startup_stm32f10x_md.o(.text)
    EXTI0_IRQHandler                         0x0800011b   Thumb Code     0  startup_stm32f10x_md.o(.text)
    EXTI15_10_IRQHandler                     0x0800011b   Thumb Code     0  startup_stm32f10x_md.o(.text)
    EXTI1_IRQHandler                         0x0800011b   Thumb Code     0  startup_stm32f10x_md.o(.text)
    EXTI2_IRQHandler                         0x0800011b   Thumb Code     0  startup_stm32f10x_md.o(.text)
    EXTI3_IRQHandler                         0x0800011b   Thumb Code     0  startup_stm32f10x_md.o(.text)
    EXTI9_5_IRQHandler                       0x0800011b   Thumb Code     0  startup_stm32f10x_md.o(.text)
    FLASH_IRQHandler                         0x0800011b   Thumb Code     0  startup_stm32f10x_md.o(.text)
    I2C1_ER_IRQHandler                       0x0800011b   Thumb Code     0  startup_stm32f10x_md.o(.text)
    I2C1_EV_IRQHandler                       0x0800011b   Thumb Code     0  startup_stm32f10x_md.o(.text)
    I2C2_ER_IRQHandler                       0x0800011b   Thumb Code     0  startup_stm32f10x_md.o(.text)
    I2C2_EV_IRQHandler                       0x0800011b   Thumb Code     0  startup_stm32f10x_md.o(.text)
    PVD_IRQHandler                           0x0800011b   Thumb Code     0  startup_stm32f10x_md.o(.text)
    RCC_IRQHandler                           0x0800011b   Thumb Code     0  startup_stm32f10x_md.o(.text)
    RTCAlarm_IRQHandler                      0x0800011b   Thumb Code     0  startup_stm32f10x_md.o(.text)
    RTC_IRQHandler                           0x0800011b   Thumb Code     0  startup_stm32f10x_md.o(.text)
    SPI1_IRQHandler                          0x0800011b   Thumb Code     0  startup_stm32f10x_md.o(.text)
    SPI2_IRQHandler                          0x0800011b   Thumb Code     0  startup_stm32f10x_md.o(.text)
    TAMPER_IRQHandler                        0x0800011b   Thumb Code     0  startup_stm32f10x_md.o(.text)
    TIM1_BRK_IRQHandler                      0x0800011b   Thumb Code     0  startup_stm32f10x_md.o(.text)
    TIM1_CC_IRQHandler                       0x0800011b   Thumb Code     0  startup_stm32f10x_md.o(.text)
    TIM1_TRG_COM_IRQHandler                  0x0800011b   Thumb Code     0  startup_stm32f10x_md.o(.text)
    TIM1_UP_IRQHandler                       0x0800011b   Thumb Code     0  startup_stm32f10x_md.o(.text)
    TIM2_IRQHandler                          0x0800011b   Thumb Code     0  startup_stm32f10x_md.o(.text)
    TIM4_IRQHandler                          0x0800011b   Thumb Code     0  startup_stm32f10x_md.o(.text)
    USART2_IRQHandler                        0x0800011b   Thumb Code     0  startup_stm32f10x_md.o(.text)
    USART3_IRQHandler                        0x0800011b   Thumb Code     0  startup_stm32f10x_md.o(.text)
    USBWakeUp_IRQHandler                     0x0800011b   Thumb Code     0  startup_stm32f10x_md.o(.text)
    USB_HP_CAN1_TX_IRQHandler                0x0800011b   Thumb Code     0  startup_stm32f10x_md.o(.text)
    USB_LP_CAN1_RX0_IRQHandler               0x0800011b   Thumb Code     0  startup_stm32f10x_md.o(.text)
    WWDG_IRQHandler                          0x0800011b   Thumb Code     0  startup_stm32f10x_md.o(.text)
    __aeabi_memcpy                           0x08000125   Thumb Code    36  memcpya.o(.text)
    __aeabi_memcpy4                          0x08000125   Thumb Code     0  memcpya.o(.text)
    __aeabi_memcpy8                          0x08000125   Thumb Code     0  memcpya.o(.text)
    __aeabi_memset                           0x08000149   Thumb Code    14  memseta.o(.text)
    __aeabi_memset4                          0x08000149   Thumb Code     0  memseta.o(.text)
    __aeabi_memset8                          0x08000149   Thumb Code     0  memseta.o(.text)
    __aeabi_memclr                           0x08000157   Thumb Code     4  memseta.o(.text)
    __aeabi_memclr4                          0x08000157   Thumb Code     0  memseta.o(.text)
    __aeabi_memclr8                          0x08000157   Thumb Code     0  memseta.o(.text)
    _memset$wrapper                          0x0800015b   Thumb Code    18  memseta.o(.text)
    strcpy                                   0x0800016d   Thumb Code    18  strcpy.o(.text)
    __aeabi_fadd                             0x0800017f   Thumb Code   164  fadd.o(.text)
    __aeabi_fsub                             0x08000223   Thumb Code     6  fadd.o(.text)
    __aeabi_frsub                            0x08000229   Thumb Code     6  fadd.o(.text)
    __aeabi_fmul                             0x0800022f   Thumb Code   100  fmul.o(.text)
    __aeabi_dadd                             0x08000293   Thumb Code   322  dadd.o(.text)
    __aeabi_dsub                             0x080003d5   Thumb Code     6  dadd.o(.text)
    __aeabi_drsub                            0x080003db   Thumb Code     6  dadd.o(.text)
    __aeabi_dmul                             0x080003e1   Thumb Code   228  dmul.o(.text)
    __aeabi_i2f                              0x080004c5   Thumb Code    18  fflti.o(.text)
    __aeabi_ui2f                             0x080004d7   Thumb Code    10  ffltui.o(.text)
    __aeabi_i2d                              0x080004e1   Thumb Code    34  dflti.o(.text)
    __aeabi_ui2d                             0x08000503   Thumb Code    26  dfltui.o(.text)
    __aeabi_f2iz                             0x0800051d   Thumb Code    50  ffixi.o(.text)
    __aeabi_f2uiz                            0x0800054f   Thumb Code    40  ffixui.o(.text)
    __aeabi_f2d                              0x08000577   Thumb Code    38  f2d.o(.text)
    __aeabi_d2f                              0x0800059d   Thumb Code    56  d2f.o(.text)
    __aeabi_cfcmpeq                          0x080005d5   Thumb Code     0  cfcmple.o(.text)
    __aeabi_cfcmple                          0x080005d5   Thumb Code    20  cfcmple.o(.text)
    __aeabi_cfrcmple                         0x080005e9   Thumb Code    20  cfrcmple.o(.text)
    __aeabi_uidiv                            0x080005fd   Thumb Code     0  uidiv.o(.text)
    __aeabi_uidivmod                         0x080005fd   Thumb Code    44  uidiv.o(.text)
    __aeabi_uldivmod                         0x08000629   Thumb Code    98  uldiv.o(.text)
    __aeabi_llsl                             0x0800068b   Thumb Code    30  llshl.o(.text)
    _ll_shift_l                              0x0800068b   Thumb Code     0  llshl.o(.text)
    __aeabi_lasr                             0x080006a9   Thumb Code    36  llsshr.o(.text)
    _ll_sshift_r                             0x080006a9   Thumb Code     0  llsshr.o(.text)
    __I$use$fp                               0x080006cd   Thumb Code     0  iusefp.o(.text)
    _float_round                             0x080006cd   Thumb Code    18  fepilogue.o(.text)
    _float_epilogue                          0x080006df   Thumb Code    92  fepilogue.o(.text)
    _double_round                            0x0800073b   Thumb Code    30  depilogue.o(.text)
    _double_epilogue                         0x08000759   Thumb Code   156  depilogue.o(.text)
    __aeabi_ddiv                             0x080007f5   Thumb Code   222  ddiv.o(.text)
    __aeabi_d2ulz                            0x080008d3   Thumb Code    48  dfixul.o(.text)
    __aeabi_cdrcmple                         0x08000905   Thumb Code    48  cdrcmple.o(.text)
    __scatterload                            0x08000935   Thumb Code    28  init.o(.text)
    __scatterload_rt2                        0x08000935   Thumb Code     0  init.o(.text)
    __aeabi_llsr                             0x08000959   Thumb Code    32  llushr.o(.text)
    _ll_ushift_r                             0x08000959   Thumb Code     0  llushr.o(.text)
    __decompress                             0x08000979   Thumb Code     0  __dclz77c.o(.text)
    __decompress2                            0x08000979   Thumb Code    94  __dclz77c.o(.text)
    BusFault_Handler                         0x080009d7   Thumb Code     4  stm32f10x_it.o(i.BusFault_Handler)
    DebugMon_Handler                         0x080009db   Thumb Code     2  stm32f10x_it.o(i.DebugMon_Handler)
    EXTI4_IRQHandler                         0x080009dd   Thumb Code    16  vl53l0x_it.o(i.EXTI4_IRQHandler)
    EXTI_ClearITPendingBit                   0x080009f1   Thumb Code     6  stm32f10x_exti.o(i.EXTI_ClearITPendingBit)
    GPIO_Init                                0x080009fd   Thumb Code   278  stm32f10x_gpio.o(i.GPIO_Init)
    GPIO_ReadInputDataBit                    0x08000b13   Thumb Code    18  stm32f10x_gpio.o(i.GPIO_ReadInputDataBit)
    GPIO_ResetBits                           0x08000b25   Thumb Code     4  stm32f10x_gpio.o(i.GPIO_ResetBits)
    GPIO_SetBits                             0x08000b29   Thumb Code     4  stm32f10x_gpio.o(i.GPIO_SetBits)
    GPIO_WriteBit                            0x08000b2d   Thumb Code    10  stm32f10x_gpio.o(i.GPIO_WriteBit)
    GetKey_Value                             0x08000b39   Thumb Code   226  key.o(i.GetKey_Value)
    HardFault_Handler                        0x08000c29   Thumb Code     4  stm32f10x_it.o(i.HardFault_Handler)
    Init_All                                 0x08000c2d   Thumb Code    56  main.o(i.Init_All)
    KEY_Init                                 0x08000c65   Thumb Code    66  key.o(i.KEY_Init)
    LED_Init                                 0x08000cb1   Thumb Code    50  led.o(i.LED_Init)
    Limit_Out                                0x08000ce9   Thumb Code    36  pid_control.o(i.Limit_Out)
    MemManage_Handler                        0x08000d0d   Thumb Code     4  stm32f10x_it.o(i.MemManage_Handler)
    MotorIO_Init                             0x08000d11   Thumb Code    46  main.o(i.MotorIO_Init)
    NMI_Handler                              0x08000d45   Thumb Code     2  stm32f10x_it.o(i.NMI_Handler)
    NVIC_Init                                0x08000d49   Thumb Code   100  misc.o(i.NVIC_Init)
    NVIC_PriorityGroupConfig                 0x08000db9   Thumb Code    10  misc.o(i.NVIC_PriorityGroupConfig)
    OLED_Clear                               0x08000dcd   Thumb Code    42  oled.o(i.OLED_Clear)
    OLED_I2C_Init                            0x08000df9   Thumb Code    76  oled.o(i.OLED_I2C_Init)
    OLED_I2C_SendByte                        0x08000e49   Thumb Code    80  oled.o(i.OLED_I2C_SendByte)
    OLED_I2C_Start                           0x08000e9d   Thumb Code    48  oled.o(i.OLED_I2C_Start)
    OLED_I2C_Stop                            0x08000ed1   Thumb Code    36  oled.o(i.OLED_I2C_Stop)
    OLED_Init                                0x08000ef9   Thumb Code   174  oled.o(i.OLED_Init)
    OLED_Pow                                 0x08000fa7   Thumb Code    20  oled.o(i.OLED_Pow)
    OLED_SetCursor                           0x08000fbb   Thumb Code    34  oled.o(i.OLED_SetCursor)
    OLED_ShowChar                            0x08000fdd   Thumb Code   110  oled.o(i.OLED_ShowChar)
    OLED_ShowFloatNum                        0x08001051   Thumb Code   182  oled.o(i.OLED_ShowFloatNum)
    OLED_ShowNum                             0x08001107   Thumb Code    68  oled.o(i.OLED_ShowNum)
    OLED_ShowString                          0x0800114b   Thumb Code    40  oled.o(i.OLED_ShowString)
    OLED_WriteCommand                        0x08001173   Thumb Code    32  oled.o(i.OLED_WriteCommand)
    OLED_WriteData                           0x08001193   Thumb Code    32  oled.o(i.OLED_WriteData)
    PID_Incremental_Calc                     0x080011b3   Thumb Code   186  pid_control.o(i.PID_Incremental_Calc)
    PID_Incremental_Init                     0x0800126d   Thumb Code    42  pid_control.o(i.PID_Incremental_Init)
    PWM_Init                                 0x0800129d   Thumb Code   144  pwm.o(i.PWM_Init)
    PWM_SetCompare1                          0x08001331   Thumb Code    16  pwm.o(i.PWM_SetCompare1)
    PendSV_Handler                           0x08001341   Thumb Code     2  stm32f10x_it.o(i.PendSV_Handler)
    RCC_APB1PeriphClockCmd                   0x08001345   Thumb Code    26  stm32f10x_rcc.o(i.RCC_APB1PeriphClockCmd)
    RCC_APB2PeriphClockCmd                   0x08001365   Thumb Code    26  stm32f10x_rcc.o(i.RCC_APB2PeriphClockCmd)
    RCC_GetClocksFreq                        0x08001385   Thumb Code   192  stm32f10x_rcc.o(i.RCC_GetClocksFreq)
    SVC_Handler                              0x08001459   Thumb Code     2  stm32f10x_it.o(i.SVC_Handler)
    SysTick_CLKSourceConfig                  0x08001545   Thumb Code    40  misc.o(i.SysTick_CLKSourceConfig)
    SysTick_Handler                          0x0800156d   Thumb Code     2  stm32f10x_it.o(i.SysTick_Handler)
    SystemInit                               0x08001571   Thumb Code    78  system_stm32f10x.o(i.SystemInit)
    TIM3_IRQHandler                          0x080015d1   Thumb Code   356  timer.o(i.TIM3_IRQHandler)
    TIM3_Int_Init                            0x0800177d   Thumb Code    94  timer.o(i.TIM3_Int_Init)
    TIM_ClearITPendingBit                    0x080017e1   Thumb Code     6  stm32f10x_tim.o(i.TIM_ClearITPendingBit)
    TIM_Cmd                                  0x080017e7   Thumb Code    24  stm32f10x_tim.o(i.TIM_Cmd)
    TIM_GetITStatus                          0x080017ff   Thumb Code    34  stm32f10x_tim.o(i.TIM_GetITStatus)
    TIM_ITConfig                             0x08001821   Thumb Code    18  stm32f10x_tim.o(i.TIM_ITConfig)
    TIM_InternalClockConfig                  0x08001833   Thumb Code    12  stm32f10x_tim.o(i.TIM_InternalClockConfig)
    TIM_OC1Init                              0x08001841   Thumb Code   132  stm32f10x_tim.o(i.TIM_OC1Init)
    TIM_OCStructInit                         0x080018d9   Thumb Code    20  stm32f10x_tim.o(i.TIM_OCStructInit)
    TIM_SetCompare1                          0x080018ed   Thumb Code     4  stm32f10x_tim.o(i.TIM_SetCompare1)
    TIM_TimeBaseInit                         0x080018f1   Thumb Code   122  stm32f10x_tim.o(i.TIM_TimeBaseInit)
    USART1_IRQHandler                        0x08001995   Thumb Code   122  usart.o(i.USART1_IRQHandler)
    USART_Cmd                                0x08001a1d   Thumb Code    24  stm32f10x_usart.o(i.USART_Cmd)
    USART_GetITStatus                        0x08001a35   Thumb Code    84  stm32f10x_usart.o(i.USART_GetITStatus)
    USART_ITConfig                           0x08001a89   Thumb Code    74  stm32f10x_usart.o(i.USART_ITConfig)
    USART_Init                               0x08001ad5   Thumb Code   210  stm32f10x_usart.o(i.USART_Init)
    USART_ReceiveData                        0x08001bad   Thumb Code    10  stm32f10x_usart.o(i.USART_ReceiveData)
    UsageFault_Handler                       0x08001bb7   Thumb Code     4  stm32f10x_it.o(i.UsageFault_Handler)
    VL53L0X_CheckAndLoadInterruptSettings    0x08001bbd   Thumb Code   126  vl53l0x_api.o(i.VL53L0X_CheckAndLoadInterruptSettings)
    VL53L0X_ClearInterruptMask               0x08001c41   Thumb Code    82  vl53l0x_api.o(i.VL53L0X_ClearInterruptMask)
    VL53L0X_DataInit                         0x08001c95   Thumb Code   420  vl53l0x_api.o(i.VL53L0X_DataInit)
    VL53L0X_GetDeviceInfo                    0x08001e41   Thumb Code    22  vl53l0x_api.o(i.VL53L0X_GetDeviceInfo)
    VL53L0X_GetDeviceMode                    0x08001e57   Thumb Code    10  vl53l0x_api.o(i.VL53L0X_GetDeviceMode)
    VL53L0X_GetDeviceParameters              0x08001e61   Thumb Code   160  vl53l0x_api.o(i.VL53L0X_GetDeviceParameters)
    VL53L0X_GetFractionEnable                0x08001f01   Thumb Code    34  vl53l0x_api.o(i.VL53L0X_GetFractionEnable)
    VL53L0X_GetInterMeasurementPeriodMilliSeconds 0x08001f23   Thumb Code    62  vl53l0x_api.o(i.VL53L0X_GetInterMeasurementPeriodMilliSeconds)
    VL53L0X_GetInterruptMaskStatus           0x08001f61   Thumb Code    48  vl53l0x_api.o(i.VL53L0X_GetInterruptMaskStatus)
    VL53L0X_GetInterruptThresholds           0x08001f91   Thumb Code    66  vl53l0x_api.o(i.VL53L0X_GetInterruptThresholds)
    VL53L0X_GetLimitCheckEnable              0x08001fd3   Thumb Code    28  vl53l0x_api.o(i.VL53L0X_GetLimitCheckEnable)
    VL53L0X_GetLimitCheckValue               0x08001fef   Thumb Code   182  vl53l0x_api.o(i.VL53L0X_GetLimitCheckValue)
    VL53L0X_GetMeasurementDataReady          0x080020a5   Thumb Code    86  vl53l0x_api.o(i.VL53L0X_GetMeasurementDataReady)
    VL53L0X_GetMeasurementTimingBudgetMicroSeconds 0x080020fb   Thumb Code    22  vl53l0x_api.o(i.VL53L0X_GetMeasurementTimingBudgetMicroSeconds)
    VL53L0X_GetOffsetCalibrationDataMicroMeter 0x08002111   Thumb Code    22  vl53l0x_api.o(i.VL53L0X_GetOffsetCalibrationDataMicroMeter)
    VL53L0X_GetPalErrorString                0x08002127   Thumb Code    22  vl53l0x_api.o(i.VL53L0X_GetPalErrorString)
    VL53L0X_GetRangeStatusString             0x0800213d   Thumb Code    22  vl53l0x_api.o(i.VL53L0X_GetRangeStatusString)
    VL53L0X_GetRangingMeasurementData        0x08002153   Thumb Code   366  vl53l0x_api.o(i.VL53L0X_GetRangingMeasurementData)
    VL53L0X_GetSequenceStepEnables           0x080022c1   Thumb Code   118  vl53l0x_api.o(i.VL53L0X_GetSequenceStepEnables)
    VL53L0X_GetVcselPulsePeriod              0x08002337   Thumb Code    30  vl53l0x_api.o(i.VL53L0X_GetVcselPulsePeriod)
    VL53L0X_GetWrapAroundCheckEnable         0x08002355   Thumb Code    62  vl53l0x_api.o(i.VL53L0X_GetWrapAroundCheckEnable)
    VL53L0X_GetXTalkCompensationEnable       0x08002393   Thumb Code    12  vl53l0x_api.o(i.VL53L0X_GetXTalkCompensationEnable)
    VL53L0X_GetXTalkCompensationRateMegaCps  0x0800239f   Thumb Code    56  vl53l0x_api.o(i.VL53L0X_GetXTalkCompensationRateMegaCps)
    VL53L0X_PerformRefCalibration            0x080023d7   Thumb Code    32  vl53l0x_api.o(i.VL53L0X_PerformRefCalibration)
    VL53L0X_PerformRefSpadManagement         0x080023f7   Thumb Code    30  vl53l0x_api.o(i.VL53L0X_PerformRefSpadManagement)
    VL53L0X_PerformSingleMeasurement         0x08002415   Thumb Code    60  vl53l0x_api.o(i.VL53L0X_PerformSingleMeasurement)
    VL53L0X_PerformSingleRangingMeasurement  0x08002451   Thumb Code    56  vl53l0x_api.o(i.VL53L0X_PerformSingleRangingMeasurement)
    VL53L0X_PollingDelay                     0x08002489   Thumb Code    26  vl53l0x_platform.o(i.VL53L0X_PollingDelay)
    VL53L0X_RdByte                           0x080024a3   Thumb Code    44  vl53l0x_platform.o(i.VL53L0X_RdByte)
    VL53L0X_RdDWord                          0x080024cf   Thumb Code    44  vl53l0x_platform.o(i.VL53L0X_RdDWord)
    VL53L0X_RdWord                           0x080024fb   Thumb Code    44  vl53l0x_platform.o(i.VL53L0X_RdWord)
    VL53L0X_ReadMulti                        0x08002527   Thumb Code    54  vl53l0x_platform.o(i.VL53L0X_ReadMulti)
    VL53L0X_SetDeviceAddress                 0x0800255d   Thumb Code    36  vl53l0x_api.o(i.VL53L0X_SetDeviceAddress)
    VL53L0X_SetDeviceMode                    0x08002581   Thumb Code    50  vl53l0x_api.o(i.VL53L0X_SetDeviceMode)
    VL53L0X_SetGpioConfig                    0x080025b3   Thumb Code   358  vl53l0x_api.o(i.VL53L0X_SetGpioConfig)
    VL53L0X_SetLimitCheckEnable              0x08002719   Thumb Code   194  vl53l0x_api.o(i.VL53L0X_SetLimitCheckEnable)
    VL53L0X_SetLimitCheckValue               0x080027db   Thumb Code   118  vl53l0x_api.o(i.VL53L0X_SetLimitCheckValue)
    VL53L0X_SetMeasurementTimingBudgetMicroSeconds 0x08002851   Thumb Code    22  vl53l0x_api.o(i.VL53L0X_SetMeasurementTimingBudgetMicroSeconds)
    VL53L0X_SetSequenceStepEnable            0x08002867   Thumb Code   196  vl53l0x_api.o(i.VL53L0X_SetSequenceStepEnable)
    VL53L0X_SetVcselPulsePeriod              0x0800292b   Thumb Code    30  vl53l0x_api.o(i.VL53L0X_SetVcselPulsePeriod)
    VL53L0X_StartMeasurement                 0x08002949   Thumb Code   268  vl53l0x_api.o(i.VL53L0X_StartMeasurement)
    VL53L0X_StaticInit                       0x08002a55   Thumb Code   410  vl53l0x_api.o(i.VL53L0X_StaticInit)
    VL53L0X_UpdateByte                       0x08002bf5   Thumb Code    82  vl53l0x_platform.o(i.VL53L0X_UpdateByte)
    VL53L0X_WrByte                           0x08002c47   Thumb Code    44  vl53l0x_platform.o(i.VL53L0X_WrByte)
    VL53L0X_WrWord                           0x08002c73   Thumb Code    44  vl53l0x_platform.o(i.VL53L0X_WrWord)
    VL53L0X_WriteMulti                       0x08002c9f   Thumb Code    60  vl53l0x_platform.o(i.VL53L0X_WriteMulti)
    VL53L0X_calc_dmax                        0x08002cdd   Thumb Code   390  vl53l0x_api_core.o(i.VL53L0X_calc_dmax)
    VL53L0X_calc_macro_period_ps             0x08002e69   Thumb Code    22  vl53l0x_api_core.o(i.VL53L0X_calc_macro_period_ps)
    VL53L0X_calc_sigma_estimate              0x08002e81   Thumb Code   772  vl53l0x_api_core.o(i.VL53L0X_calc_sigma_estimate)
    VL53L0X_calc_timeout_mclks               0x08003191   Thumb Code    52  vl53l0x_api_core.o(i.VL53L0X_calc_timeout_mclks)
    VL53L0X_calc_timeout_us                  0x080031c5   Thumb Code    52  vl53l0x_api_core.o(i.VL53L0X_calc_timeout_us)
    VL53L0X_check_part_used                  0x080031f9   Thumb Code    74  vl53l0x_api_strings.o(i.VL53L0X_check_part_used)
    VL53L0X_decode_timeout                   0x08003249   Thumb Code    14  vl53l0x_api_core.o(i.VL53L0X_decode_timeout)
    VL53L0X_decode_vcsel_period              0x08003257   Thumb Code    12  vl53l0x_api_core.o(i.VL53L0X_decode_vcsel_period)
    VL53L0X_device_read_strobe               0x08003263   Thumb Code    82  vl53l0x_api_core.o(i.VL53L0X_device_read_strobe)
    VL53L0X_encode_timeout                   0x080032b5   Thumb Code    40  vl53l0x_api_core.o(i.VL53L0X_encode_timeout)
    VL53L0X_encode_vcsel_period              0x080032dd   Thumb Code    14  vl53l0x_api_core.o(i.VL53L0X_encode_vcsel_period)
    VL53L0X_get_device_info                  0x080032ed   Thumb Code   152  vl53l0x_api_strings.o(i.VL53L0X_get_device_info)
    VL53L0X_get_info_from_device             0x080033c9   Thumb Code  1354  vl53l0x_api_core.o(i.VL53L0X_get_info_from_device)
    VL53L0X_get_measurement_timing_budget_micro_seconds 0x08003913   Thumb Code   238  vl53l0x_api_core.o(i.VL53L0X_get_measurement_timing_budget_micro_seconds)
    VL53L0X_get_offset_calibration_data_micro_meter 0x08003a01   Thumb Code    86  vl53l0x_api_calibration.o(i.VL53L0X_get_offset_calibration_data_micro_meter)
    VL53L0X_get_pal_error_string             0x08003a59   Thumb Code   298  vl53l0x_api_strings.o(i.VL53L0X_get_pal_error_string)
    VL53L0X_get_pal_range_status             0x08003d25   Thumb Code   564  vl53l0x_api_core.o(i.VL53L0X_get_pal_range_status)
    VL53L0X_get_range_status_string          0x08003f59   Thumb Code    98  vl53l0x_api_strings.o(i.VL53L0X_get_range_status_string)
    VL53L0X_get_total_signal_rate            0x0800402d   Thumb Code    40  vl53l0x_api_core.o(i.VL53L0X_get_total_signal_rate)
    VL53L0X_get_total_xtalk_rate             0x08004055   Thumb Code    58  vl53l0x_api_core.o(i.VL53L0X_get_total_xtalk_rate)
    VL53L0X_get_vcsel_pulse_period           0x0800408f   Thumb Code    70  vl53l0x_api_core.o(i.VL53L0X_get_vcsel_pulse_period)
    VL53L0X_i2c_init                         0x080040d5   Thumb Code    46  vl53l0x_i2c.o(i.VL53L0X_i2c_init)
    VL53L0X_isqrt                            0x08004109   Thumb Code    44  vl53l0x_api_core.o(i.VL53L0X_isqrt)
    VL53L0X_load_tuning_settings             0x08004135   Thumb Code   234  vl53l0x_api_core.o(i.VL53L0X_load_tuning_settings)
    VL53L0X_measurement_poll_for_completion  0x0800421f   Thumb Code    66  vl53l0x_api_core.o(i.VL53L0X_measurement_poll_for_completion)
    VL53L0X_perform_phase_calibration        0x08004261   Thumb Code   124  vl53l0x_api_calibration.o(i.VL53L0X_perform_phase_calibration)
    VL53L0X_perform_ref_calibration          0x080042dd   Thumb Code    76  vl53l0x_api_calibration.o(i.VL53L0X_perform_ref_calibration)
    VL53L0X_perform_ref_spad_management      0x08004329   Thumb Code   658  vl53l0x_api_calibration.o(i.VL53L0X_perform_ref_spad_management)
    VL53L0X_perform_single_ref_calibration   0x080045bb   Thumb Code    64  vl53l0x_api_calibration.o(i.VL53L0X_perform_single_ref_calibration)
    VL53L0X_perform_vhv_calibration          0x080045fb   Thumb Code   126  vl53l0x_api_calibration.o(i.VL53L0X_perform_vhv_calibration)
    VL53L0X_read_byte                        0x08004679   Thumb Code    32  vl53l0x_i2c.o(i.VL53L0X_read_byte)
    VL53L0X_read_dword                       0x08004699   Thumb Code    58  vl53l0x_i2c.o(i.VL53L0X_read_dword)
    VL53L0X_read_multi                       0x080046d3   Thumb Code    40  vl53l0x_i2c.o(i.VL53L0X_read_multi)
    VL53L0X_read_word                        0x080046fb   Thumb Code    42  vl53l0x_i2c.o(i.VL53L0X_read_word)
    VL53L0X_ref_calibration_io               0x08004725   Thumb Code   176  vl53l0x_api_calibration.o(i.VL53L0X_ref_calibration_io)
    VL53L0X_set_measurement_timing_budget_micro_seconds 0x080047d5   Thumb Code   294  vl53l0x_api_core.o(i.VL53L0X_set_measurement_timing_budget_micro_seconds)
    VL53L0X_set_reference_spads              0x080048fb   Thumb Code   194  vl53l0x_api_calibration.o(i.VL53L0X_set_reference_spads)
    VL53L0X_set_vcsel_pulse_period           0x080049bd   Thumb Code   766  vl53l0x_api_core.o(i.VL53L0X_set_vcsel_pulse_period)
    VL53L0X_write_byte                       0x08004cbb   Thumb Code    26  vl53l0x_i2c.o(i.VL53L0X_write_byte)
    VL53L0X_write_multi                      0x08004cd5   Thumb Code    40  vl53l0x_i2c.o(i.VL53L0X_write_multi)
    VL53L0X_write_word                       0x08004cfd   Thumb Code    86  vl53l0x_i2c.o(i.VL53L0X_write_word)
    VL_IIC_Ack                               0x08004d55   Thumb Code    66  vl53l0x_i2c.o(i.VL_IIC_Ack)
    VL_IIC_NAck                              0x08004da5   Thumb Code    66  vl53l0x_i2c.o(i.VL_IIC_NAck)
    VL_IIC_Read_Byte                         0x08004df5   Thumb Code   112  vl53l0x_i2c.o(i.VL_IIC_Read_Byte)
    VL_IIC_Read_nByte                        0x08004e71   Thumb Code   110  vl53l0x_i2c.o(i.VL_IIC_Read_nByte)
    VL_IIC_Send_Byte                         0x08004ee1   Thumb Code   104  vl53l0x_i2c.o(i.VL_IIC_Send_Byte)
    VL_IIC_Start                             0x08004f55   Thumb Code    64  vl53l0x_i2c.o(i.VL_IIC_Start)
    VL_IIC_Stop                              0x08004fa1   Thumb Code    62  vl53l0x_i2c.o(i.VL_IIC_Stop)
    VL_IIC_Wait_Ack                          0x08004fed   Thumb Code    86  vl53l0x_i2c.o(i.VL_IIC_Wait_Ack)
    VL_IIC_Write_nByte                       0x08005051   Thumb Code    80  vl53l0x_i2c.o(i.VL_IIC_Write_nByte)
    __0printf                                0x080050a1   Thumb Code    22  printfa.o(i.__0printf)
    __1printf                                0x080050a1   Thumb Code     0  printfa.o(i.__0printf)
    __2printf                                0x080050a1   Thumb Code     0  printfa.o(i.__0printf)
    __c89printf                              0x080050a1   Thumb Code     0  printfa.o(i.__0printf)
    printf                                   0x080050a1   Thumb Code     0  printfa.o(i.__0printf)
    __scatterload_copy                       0x080050c1   Thumb Code    14  handlers.o(i.__scatterload_copy)
    __scatterload_null                       0x080050cf   Thumb Code     2  handlers.o(i.__scatterload_null)
    __scatterload_zeroinit                   0x080050d1   Thumb Code    14  handlers.o(i.__scatterload_zeroinit)
    delay_init                               0x08005995   Thumb Code    50  delay.o(i.delay_init)
    delay_ms                                 0x080059d9   Thumb Code    72  delay.o(i.delay_ms)
    delay_us                                 0x08005a25   Thumb Code    72  delay.o(i.delay_us)
    enable_ref_spads                         0x08005a71   Thumb Code   172  vl53l0x_api_calibration.o(i.enable_ref_spads)
    enable_spad_bit                          0x08005b1d   Thumb Code    50  vl53l0x_api_calibration.o(i.enable_spad_bit)
    fputc                                    0x08005b51   Thumb Code    24  usart.o(i.fputc)
    get_next_good_spad                       0x08005b6d   Thumb Code   104  vl53l0x_api_calibration.o(i.get_next_good_spad)
    get_ref_spad_map                         0x08005bd5   Thumb Code    24  vl53l0x_api_calibration.o(i.get_ref_spad_map)
    get_sequence_step_timeout                0x08005bed   Thumb Code   290  vl53l0x_api_core.o(i.get_sequence_step_timeout)
    is_aperture                              0x08005d11   Thumb Code    18  vl53l0x_api_calibration.o(i.is_aperture)
    main                                     0x08005d29   Thumb Code  1414  main.o(i.main)
    perform_ref_signal_measurement           0x080062f1   Thumb Code   110  vl53l0x_api_calibration.o(i.perform_ref_signal_measurement)
    print_pal_error                          0x08006361   Thumb Code    28  vl53l0x.o(i.print_pal_error)
    sequence_step_enabled                    0x08006395   Thumb Code    72  vl53l0x_api.o(i.sequence_step_enabled)
    set_ref_spad_map                         0x080063dd   Thumb Code    24  vl53l0x_api_calibration.o(i.set_ref_spad_map)
    set_sequence_step_timeout                0x080063f5   Thumb Code   306  vl53l0x_api_core.o(i.set_sequence_step_timeout)
    uart_init                                0x08006529   Thumb Code   152  usart.o(i.uart_init)
    vl53l0x_Addr_set                         0x080065c9   Thumb Code   150  vl53l0x.o(i.vl53l0x_Addr_set)
    vl53l0x_init                             0x0800666d   Thumb Code   160  vl53l0x.o(i.vl53l0x_init)
    vl53l0x_reset                            0x08006721   Thumb Code    56  vl53l0x.o(i.vl53l0x_reset)
    vl53l0x_set_mode                         0x08006761   Thumb Code   298  vl53l0x_gen.o(i.vl53l0x_set_mode)
    vl53l0x_start_single_test                0x08006891   Thumb Code    62  vl53l0x_gen.o(i.vl53l0x_start_single_test)
    OLED_F8x16                               0x080068d4   Data        1520  oled.o(.constdata)
    Region$$Table$$Base                      0x08006ec4   Number         0  anon$$obj.o(Region$$Table)
    Region$$Table$$Limit                     0x08006ee4   Number         0  anon$$obj.o(Region$$Table)
    SystemCoreClock                          0x20000000   Data           4  system_stm32f10x.o(.data)
    AHBPrescTable                            0x20000004   Data          16  system_stm32f10x.o(.data)
    windowIndex                              0x20000028   Data           4  key.o(.data)
    Exp_Pos                                  0x20000038   Data           4  timer.o(.data)
    Timmer_NumCount1                         0x2000003c   Data           1  timer.o(.data)
    Timmer_NumCount2                         0x20000040   Data           4  timer.o(.data)
    Timmer_NumCount3                         0x20000044   Data           4  timer.o(.data)
    Timmer_NumCount4                         0x20000048   Data           4  timer.o(.data)
    x10_ms                                   0x2000004c   Data           1  timer.o(.data)
    Timer_Stop1                              0x20000050   Data           4  timer.o(.data)
    Timer_Stop2                              0x20000054   Data           4  timer.o(.data)
    __stdout                                 0x20000058   Data           4  usart.o(.data)
    USART_RX_STA                             0x2000005c   Data           2  usart.o(.data)
    Enter                                    0x20000060   Data           1  main.o(.data)
    KeyValue                                 0x20000061   Data           1  main.o(.data)
    Task_Index                               0x20000062   Data           1  main.o(.data)
    height                                   0x20000064   Data           4  main.o(.data)
    Set_PWM                                  0x20000068   Data           4  main.o(.data)
    temp                                     0x2000006c   Data           4  main.o(.data)
    Exp_Position                             0x20000070   Data           4  main.o(.data)
    Status                                   0x20000074   Data           1  main.o(.data)
    Distance_data_last                       0x20000076   Data           2  main.o(.data)
    Timer_Start                              0x20000078   Data           1  main.o(.data)
    temp1                                    0x2000007c   Data           4  main.o(.data)
    temp2                                    0x20000080   Data           4  main.o(.data)
    DefaultTuningSettings                    0x20000084   Data         243  vl53l0x_api.o(.data)
    InterruptThresholdSettings               0x20000177   Data         438  vl53l0x_api.o(.data)
    refArrayQuadrants                        0x20000330   Data          16  vl53l0x_api_calibration.o(.data)
    AlarmModes                               0x20000340   Data          12  vl53l0x_it.o(.data)
    alarm_flag                               0x2000034c   Data           1  vl53l0x_it.o(.data)
    Distance_data                            0x20000350   Data           4  vl53l0x_gen.o(.data)
    AjustOK                                  0x20000354   Data           1  vl53l0x.o(.data)
    Mode_data                                0x20000355   Data          56  vl53l0x.o(.data)
    USART_RX_BUF                             0x20000390   Data         200  usart.o(.bss)
    Power_POS                                0x20000478   Data          40  pid_control.o(.bss)
    Speed_POS                                0x200004a0   Data          40  pid_control.o(.bss)
    Position_POS                             0x200004c8   Data          40  pid_control.o(.bss)
    Power_INC                                0x200004f0   Data          48  pid_control.o(.bss)
    Position_INC                             0x20000520   Data          48  pid_control.o(.bss)
    vl53l0x_data                             0x20000550   Data          28  vl53l0x_gen.o(.bss)
    vl53l0x_dev                              0x2000058c   Data         352  vl53l0x.o(.bss)
    vl53l0x_dev_info                         0x200006ec   Data          99  vl53l0x.o(.bss)
    __initial_sp                             0x20000b50   Data           0  startup_stm32f10x_md.o(STACK)



==============================================================================

Memory Map of the image

  Image Entry point : 0x08000101

  Load Region LR_1 (Base: 0x08000000, Size: 0x00007274, Max: 0xffffffff, ABSOLUTE, COMPRESSED[0x000071bc])

    Execution Region ER_RO (Exec base: 0x08000000, Load base: 0x08000000, Size: 0x00006ee4, Max: 0xffffffff, ABSOLUTE)

    Exec Addr    Load Addr    Size         Type   Attr      Idx    E Section Name        Object

    0x08000000   0x08000000   0x000000ec   Data   RO            3    RESET               startup_stm32f10x_md.o
    0x080000ec   0x080000ec   0x00000000   Code   RO         5202  * .ARM.Collect$$$$00000000  mc_w.l(entry.o)
    0x080000ec   0x080000ec   0x00000004   Code   RO         5502    .ARM.Collect$$$$00000001  mc_w.l(entry2.o)
    0x080000f0   0x080000f0   0x00000004   Code   RO         5505    .ARM.Collect$$$$00000004  mc_w.l(entry5.o)
    0x080000f4   0x080000f4   0x00000000   Code   RO         5507    .ARM.Collect$$$$00000008  mc_w.l(entry7b.o)
    0x080000f4   0x080000f4   0x00000000   Code   RO         5509    .ARM.Collect$$$$0000000A  mc_w.l(entry8b.o)
    0x080000f4   0x080000f4   0x00000008   Code   RO         5510    .ARM.Collect$$$$0000000B  mc_w.l(entry9a.o)
    0x080000fc   0x080000fc   0x00000000   Code   RO         5512    .ARM.Collect$$$$0000000D  mc_w.l(entry10a.o)
    0x080000fc   0x080000fc   0x00000000   Code   RO         5514    .ARM.Collect$$$$0000000F  mc_w.l(entry11a.o)
    0x080000fc   0x080000fc   0x00000004   Code   RO         5503    .ARM.Collect$$$$00002712  mc_w.l(entry2.o)
    0x08000100   0x08000100   0x00000024   Code   RO            4  * .text               startup_stm32f10x_md.o
    0x08000124   0x08000124   0x00000024   Code   RO         5205    .text               mc_w.l(memcpya.o)
    0x08000148   0x08000148   0x00000024   Code   RO         5207    .text               mc_w.l(memseta.o)
    0x0800016c   0x0800016c   0x00000012   Code   RO         5209    .text               mc_w.l(strcpy.o)
    0x0800017e   0x0800017e   0x000000b0   Code   RO         5474    .text               mf_w.l(fadd.o)
    0x0800022e   0x0800022e   0x00000064   Code   RO         5476    .text               mf_w.l(fmul.o)
    0x08000292   0x08000292   0x0000014e   Code   RO         5478    .text               mf_w.l(dadd.o)
    0x080003e0   0x080003e0   0x000000e4   Code   RO         5480    .text               mf_w.l(dmul.o)
    0x080004c4   0x080004c4   0x00000012   Code   RO         5482    .text               mf_w.l(fflti.o)
    0x080004d6   0x080004d6   0x0000000a   Code   RO         5484    .text               mf_w.l(ffltui.o)
    0x080004e0   0x080004e0   0x00000022   Code   RO         5486    .text               mf_w.l(dflti.o)
    0x08000502   0x08000502   0x0000001a   Code   RO         5488    .text               mf_w.l(dfltui.o)
    0x0800051c   0x0800051c   0x00000032   Code   RO         5490    .text               mf_w.l(ffixi.o)
    0x0800054e   0x0800054e   0x00000028   Code   RO         5492    .text               mf_w.l(ffixui.o)
    0x08000576   0x08000576   0x00000026   Code   RO         5494    .text               mf_w.l(f2d.o)
    0x0800059c   0x0800059c   0x00000038   Code   RO         5496    .text               mf_w.l(d2f.o)
    0x080005d4   0x080005d4   0x00000014   Code   RO         5498    .text               mf_w.l(cfcmple.o)
    0x080005e8   0x080005e8   0x00000014   Code   RO         5500    .text               mf_w.l(cfrcmple.o)
    0x080005fc   0x080005fc   0x0000002c   Code   RO         5516    .text               mc_w.l(uidiv.o)
    0x08000628   0x08000628   0x00000062   Code   RO         5518    .text               mc_w.l(uldiv.o)
    0x0800068a   0x0800068a   0x0000001e   Code   RO         5520    .text               mc_w.l(llshl.o)
    0x080006a8   0x080006a8   0x00000024   Code   RO         5522    .text               mc_w.l(llsshr.o)
    0x080006cc   0x080006cc   0x00000000   Code   RO         5524    .text               mc_w.l(iusefp.o)
    0x080006cc   0x080006cc   0x0000006e   Code   RO         5525    .text               mf_w.l(fepilogue.o)
    0x0800073a   0x0800073a   0x000000ba   Code   RO         5527    .text               mf_w.l(depilogue.o)
    0x080007f4   0x080007f4   0x000000de   Code   RO         5529    .text               mf_w.l(ddiv.o)
    0x080008d2   0x080008d2   0x00000030   Code   RO         5531    .text               mf_w.l(dfixul.o)
    0x08000902   0x08000902   0x00000002   PAD
    0x08000904   0x08000904   0x00000030   Code   RO         5533    .text               mf_w.l(cdrcmple.o)
    0x08000934   0x08000934   0x00000024   Code   RO         5535    .text               mc_w.l(init.o)
    0x08000958   0x08000958   0x00000020   Code   RO         5537    .text               mc_w.l(llushr.o)
    0x08000978   0x08000978   0x0000005e   Code   RO         5547    .text               mc_w.l(__dclz77c.o)
    0x080009d6   0x080009d6   0x00000004   Code   RO         3697    i.BusFault_Handler  stm32f10x_it.o
    0x080009da   0x080009da   0x00000002   Code   RO         3698    i.DebugMon_Handler  stm32f10x_it.o
    0x080009dc   0x080009dc   0x00000014   Code   RO         4832    i.EXTI4_IRQHandler  vl53l0x_it.o
    0x080009f0   0x080009f0   0x0000000c   Code   RO          985    i.EXTI_ClearITPendingBit  stm32f10x_exti.o
    0x080009fc   0x080009fc   0x00000116   Code   RO         1347    i.GPIO_Init         stm32f10x_gpio.o
    0x08000b12   0x08000b12   0x00000012   Code   RO         1351    i.GPIO_ReadInputDataBit  stm32f10x_gpio.o
    0x08000b24   0x08000b24   0x00000004   Code   RO         1354    i.GPIO_ResetBits    stm32f10x_gpio.o
    0x08000b28   0x08000b28   0x00000004   Code   RO         1355    i.GPIO_SetBits      stm32f10x_gpio.o
    0x08000b2c   0x08000b2c   0x0000000a   Code   RO         1358    i.GPIO_WriteBit     stm32f10x_gpio.o
    0x08000b36   0x08000b36   0x00000002   PAD
    0x08000b38   0x08000b38   0x000000f0   Code   RO         3370    i.GetKey_Value      key.o
    0x08000c28   0x08000c28   0x00000004   Code   RO         3699    i.HardFault_Handler  stm32f10x_it.o
    0x08000c2c   0x08000c2c   0x00000038   Code   RO         3637    i.Init_All          main.o
    0x08000c64   0x08000c64   0x0000004c   Code   RO         3371    i.KEY_Init          key.o
    0x08000cb0   0x08000cb0   0x00000038   Code   RO         3196    i.LED_Init          led.o
    0x08000ce8   0x08000ce8   0x00000024   Code   RO         3760    i.Limit_Out         pid_control.o
    0x08000d0c   0x08000d0c   0x00000004   Code   RO         3700    i.MemManage_Handler  stm32f10x_it.o
    0x08000d10   0x08000d10   0x00000034   Code   RO         3638    i.MotorIO_Init      main.o
    0x08000d44   0x08000d44   0x00000002   Code   RO         3701    i.NMI_Handler       stm32f10x_it.o
    0x08000d46   0x08000d46   0x00000002   PAD
    0x08000d48   0x08000d48   0x00000070   Code   RO          137    i.NVIC_Init         misc.o
    0x08000db8   0x08000db8   0x00000014   Code   RO          138    i.NVIC_PriorityGroupConfig  misc.o
    0x08000dcc   0x08000dcc   0x0000002a   Code   RO         3256    i.OLED_Clear        oled.o
    0x08000df6   0x08000df6   0x00000002   PAD
    0x08000df8   0x08000df8   0x00000050   Code   RO         3257    i.OLED_I2C_Init     oled.o
    0x08000e48   0x08000e48   0x00000054   Code   RO         3258    i.OLED_I2C_SendByte  oled.o
    0x08000e9c   0x08000e9c   0x00000034   Code   RO         3259    i.OLED_I2C_Start    oled.o
    0x08000ed0   0x08000ed0   0x00000028   Code   RO         3260    i.OLED_I2C_Stop     oled.o
    0x08000ef8   0x08000ef8   0x000000ae   Code   RO         3261    i.OLED_Init         oled.o
    0x08000fa6   0x08000fa6   0x00000014   Code   RO         3262    i.OLED_Pow          oled.o
    0x08000fba   0x08000fba   0x00000022   Code   RO         3263    i.OLED_SetCursor    oled.o
    0x08000fdc   0x08000fdc   0x00000074   Code   RO         3265    i.OLED_ShowChar     oled.o
    0x08001050   0x08001050   0x000000b6   Code   RO         3266    i.OLED_ShowFloatNum  oled.o
    0x08001106   0x08001106   0x00000044   Code   RO         3268    i.OLED_ShowNum      oled.o
    0x0800114a   0x0800114a   0x00000028   Code   RO         3270    i.OLED_ShowString   oled.o
    0x08001172   0x08001172   0x00000020   Code   RO         3271    i.OLED_WriteCommand  oled.o
    0x08001192   0x08001192   0x00000020   Code   RO         3272    i.OLED_WriteData    oled.o
    0x080011b2   0x080011b2   0x000000ba   Code   RO         3764    i.PID_Incremental_Calc  pid_control.o
    0x0800126c   0x0800126c   0x00000030   Code   RO         3765    i.PID_Incremental_Init  pid_control.o
    0x0800129c   0x0800129c   0x00000094   Code   RO         3214    i.PWM_Init          pwm.o
    0x08001330   0x08001330   0x00000010   Code   RO         3215    i.PWM_SetCompare1   pwm.o
    0x08001340   0x08001340   0x00000002   Code   RO         3702    i.PendSV_Handler    stm32f10x_it.o
    0x08001342   0x08001342   0x00000002   PAD
    0x08001344   0x08001344   0x00000020   Code   RO         1775    i.RCC_APB1PeriphClockCmd  stm32f10x_rcc.o
    0x08001364   0x08001364   0x00000020   Code   RO         1777    i.RCC_APB2PeriphClockCmd  stm32f10x_rcc.o
    0x08001384   0x08001384   0x000000d4   Code   RO         1785    i.RCC_GetClocksFreq  stm32f10x_rcc.o
    0x08001458   0x08001458   0x00000002   Code   RO         3703    i.SVC_Handler       stm32f10x_it.o
    0x0800145a   0x0800145a   0x00000008   Code   RO           24    i.SetSysClock       system_stm32f10x.o
    0x08001462   0x08001462   0x00000002   PAD
    0x08001464   0x08001464   0x000000e0   Code   RO           25    i.SetSysClockTo72   system_stm32f10x.o
    0x08001544   0x08001544   0x00000028   Code   RO          141    i.SysTick_CLKSourceConfig  misc.o
    0x0800156c   0x0800156c   0x00000002   Code   RO         3704    i.SysTick_Handler   stm32f10x_it.o
    0x0800156e   0x0800156e   0x00000002   PAD
    0x08001570   0x08001570   0x00000060   Code   RO           27    i.SystemInit        system_stm32f10x.o
    0x080015d0   0x080015d0   0x000001ac   Code   RO         3536    i.TIM3_IRQHandler   timer.o
    0x0800177c   0x0800177c   0x00000064   Code   RO         3537    i.TIM3_Int_Init     timer.o
    0x080017e0   0x080017e0   0x00000006   Code   RO         2416    i.TIM_ClearITPendingBit  stm32f10x_tim.o
    0x080017e6   0x080017e6   0x00000018   Code   RO         2421    i.TIM_Cmd           stm32f10x_tim.o
    0x080017fe   0x080017fe   0x00000022   Code   RO         2442    i.TIM_GetITStatus   stm32f10x_tim.o
    0x08001820   0x08001820   0x00000012   Code   RO         2446    i.TIM_ITConfig      stm32f10x_tim.o
    0x08001832   0x08001832   0x0000000c   Code   RO         2448    i.TIM_InternalClockConfig  stm32f10x_tim.o
    0x0800183e   0x0800183e   0x00000002   PAD
    0x08001840   0x08001840   0x00000098   Code   RO         2450    i.TIM_OC1Init       stm32f10x_tim.o
    0x080018d8   0x080018d8   0x00000014   Code   RO         2468    i.TIM_OCStructInit  stm32f10x_tim.o
    0x080018ec   0x080018ec   0x00000004   Code   RO         2482    i.TIM_SetCompare1   stm32f10x_tim.o
    0x080018f0   0x080018f0   0x000000a4   Code   RO         2492    i.TIM_TimeBaseInit  stm32f10x_tim.o
    0x08001994   0x08001994   0x00000088   Code   RO         3596    i.USART1_IRQHandler  usart.o
    0x08001a1c   0x08001a1c   0x00000018   Code   RO         2960    i.USART_Cmd         stm32f10x_usart.o
    0x08001a34   0x08001a34   0x00000054   Code   RO         2964    i.USART_GetITStatus  stm32f10x_usart.o
    0x08001a88   0x08001a88   0x0000004a   Code   RO         2966    i.USART_ITConfig    stm32f10x_usart.o
    0x08001ad2   0x08001ad2   0x00000002   PAD
    0x08001ad4   0x08001ad4   0x000000d8   Code   RO         2967    i.USART_Init        stm32f10x_usart.o
    0x08001bac   0x08001bac   0x0000000a   Code   RO         2974    i.USART_ReceiveData  stm32f10x_usart.o
    0x08001bb6   0x08001bb6   0x00000004   Code   RO         3705    i.UsageFault_Handler  stm32f10x_it.o
    0x08001bba   0x08001bba   0x00000002   PAD
    0x08001bbc   0x08001bbc   0x00000084   Code   RO         3825    i.VL53L0X_CheckAndLoadInterruptSettings  vl53l0x_api.o
    0x08001c40   0x08001c40   0x00000052   Code   RO         3826    i.VL53L0X_ClearInterruptMask  vl53l0x_api.o
    0x08001c92   0x08001c92   0x00000002   PAD
    0x08001c94   0x08001c94   0x000001ac   Code   RO         3827    i.VL53L0X_DataInit  vl53l0x_api.o
    0x08001e40   0x08001e40   0x00000016   Code   RO         3831    i.VL53L0X_GetDeviceInfo  vl53l0x_api.o
    0x08001e56   0x08001e56   0x0000000a   Code   RO         3832    i.VL53L0X_GetDeviceMode  vl53l0x_api.o
    0x08001e60   0x08001e60   0x000000a0   Code   RO         3833    i.VL53L0X_GetDeviceParameters  vl53l0x_api.o
    0x08001f00   0x08001f00   0x00000022   Code   RO         3835    i.VL53L0X_GetFractionEnable  vl53l0x_api.o
    0x08001f22   0x08001f22   0x0000003e   Code   RO         3839    i.VL53L0X_GetInterMeasurementPeriodMilliSeconds  vl53l0x_api.o
    0x08001f60   0x08001f60   0x00000030   Code   RO         3840    i.VL53L0X_GetInterruptMaskStatus  vl53l0x_api.o
    0x08001f90   0x08001f90   0x00000042   Code   RO         3841    i.VL53L0X_GetInterruptThresholds  vl53l0x_api.o
    0x08001fd2   0x08001fd2   0x0000001c   Code   RO         3843    i.VL53L0X_GetLimitCheckEnable  vl53l0x_api.o
    0x08001fee   0x08001fee   0x000000b6   Code   RO         3846    i.VL53L0X_GetLimitCheckValue  vl53l0x_api.o
    0x080020a4   0x080020a4   0x00000056   Code   RO         3849    i.VL53L0X_GetMeasurementDataReady  vl53l0x_api.o
    0x080020fa   0x080020fa   0x00000016   Code   RO         3851    i.VL53L0X_GetMeasurementTimingBudgetMicroSeconds  vl53l0x_api.o
    0x08002110   0x08002110   0x00000016   Code   RO         3855    i.VL53L0X_GetOffsetCalibrationDataMicroMeter  vl53l0x_api.o
    0x08002126   0x08002126   0x00000016   Code   RO         3856    i.VL53L0X_GetPalErrorString  vl53l0x_api.o
    0x0800213c   0x0800213c   0x00000016   Code   RO         3862    i.VL53L0X_GetRangeStatusString  vl53l0x_api.o
    0x08002152   0x08002152   0x0000016e   Code   RO         3863    i.VL53L0X_GetRangingMeasurementData  vl53l0x_api.o
    0x080022c0   0x080022c0   0x00000076   Code   RO         3867    i.VL53L0X_GetSequenceStepEnables  vl53l0x_api.o
    0x08002336   0x08002336   0x0000001e   Code   RO         3876    i.VL53L0X_GetVcselPulsePeriod  vl53l0x_api.o
    0x08002354   0x08002354   0x0000003e   Code   RO         3878    i.VL53L0X_GetWrapAroundCheckEnable  vl53l0x_api.o
    0x08002392   0x08002392   0x0000000c   Code   RO         3879    i.VL53L0X_GetXTalkCompensationEnable  vl53l0x_api.o
    0x0800239e   0x0800239e   0x00000038   Code   RO         3880    i.VL53L0X_GetXTalkCompensationRateMegaCps  vl53l0x_api.o
    0x080023d6   0x080023d6   0x00000020   Code   RO         3882    i.VL53L0X_PerformRefCalibration  vl53l0x_api.o
    0x080023f6   0x080023f6   0x0000001e   Code   RO         3883    i.VL53L0X_PerformRefSpadManagement  vl53l0x_api.o
    0x08002414   0x08002414   0x0000003c   Code   RO         3885    i.VL53L0X_PerformSingleMeasurement  vl53l0x_api.o
    0x08002450   0x08002450   0x00000038   Code   RO         3886    i.VL53L0X_PerformSingleRangingMeasurement  vl53l0x_api.o
    0x08002488   0x08002488   0x0000001a   Code   RO         5132    i.VL53L0X_PollingDelay  vl53l0x_platform.o
    0x080024a2   0x080024a2   0x0000002c   Code   RO         5133    i.VL53L0X_RdByte    vl53l0x_platform.o
    0x080024ce   0x080024ce   0x0000002c   Code   RO         5134    i.VL53L0X_RdDWord   vl53l0x_platform.o
    0x080024fa   0x080024fa   0x0000002c   Code   RO         5135    i.VL53L0X_RdWord    vl53l0x_platform.o
    0x08002526   0x08002526   0x00000036   Code   RO         5136    i.VL53L0X_ReadMulti  vl53l0x_platform.o
    0x0800255c   0x0800255c   0x00000024   Code   RO         3890    i.VL53L0X_SetDeviceAddress  vl53l0x_api.o
    0x08002580   0x08002580   0x00000032   Code   RO         3891    i.VL53L0X_SetDeviceMode  vl53l0x_api.o
    0x080025b2   0x080025b2   0x00000166   Code   RO         3894    i.VL53L0X_SetGpioConfig  vl53l0x_api.o
    0x08002718   0x08002718   0x000000c2   Code   RO         3899    i.VL53L0X_SetLimitCheckEnable  vl53l0x_api.o
    0x080027da   0x080027da   0x00000076   Code   RO         3900    i.VL53L0X_SetLimitCheckValue  vl53l0x_api.o
    0x08002850   0x08002850   0x00000016   Code   RO         3902    i.VL53L0X_SetMeasurementTimingBudgetMicroSeconds  vl53l0x_api.o
    0x08002866   0x08002866   0x000000c4   Code   RO         3909    i.VL53L0X_SetSequenceStepEnable  vl53l0x_api.o
    0x0800292a   0x0800292a   0x0000001e   Code   RO         3914    i.VL53L0X_SetVcselPulsePeriod  vl53l0x_api.o
    0x08002948   0x08002948   0x0000010c   Code   RO         3918    i.VL53L0X_StartMeasurement  vl53l0x_api.o
    0x08002a54   0x08002a54   0x000001a0   Code   RO         3919    i.VL53L0X_StaticInit  vl53l0x_api.o
    0x08002bf4   0x08002bf4   0x00000052   Code   RO         5137    i.VL53L0X_UpdateByte  vl53l0x_platform.o
    0x08002c46   0x08002c46   0x0000002c   Code   RO         5138    i.VL53L0X_WrByte    vl53l0x_platform.o
    0x08002c72   0x08002c72   0x0000002c   Code   RO         5140    i.VL53L0X_WrWord    vl53l0x_platform.o
    0x08002c9e   0x08002c9e   0x0000003c   Code   RO         5141    i.VL53L0X_WriteMulti  vl53l0x_platform.o
    0x08002cda   0x08002cda   0x00000002   PAD
    0x08002cdc   0x08002cdc   0x0000018c   Code   RO         4604    i.VL53L0X_calc_dmax  vl53l0x_api_core.o
    0x08002e68   0x08002e68   0x00000016   Code   RO         4605    i.VL53L0X_calc_macro_period_ps  vl53l0x_api_core.o
    0x08002e7e   0x08002e7e   0x00000002   PAD
    0x08002e80   0x08002e80   0x00000310   Code   RO         4606    i.VL53L0X_calc_sigma_estimate  vl53l0x_api_core.o
    0x08003190   0x08003190   0x00000034   Code   RO         4607    i.VL53L0X_calc_timeout_mclks  vl53l0x_api_core.o
    0x080031c4   0x080031c4   0x00000034   Code   RO         4608    i.VL53L0X_calc_timeout_us  vl53l0x_api_core.o
    0x080031f8   0x080031f8   0x00000050   Code   RO         4774    i.VL53L0X_check_part_used  vl53l0x_api_strings.o
    0x08003248   0x08003248   0x0000000e   Code   RO         4609    i.VL53L0X_decode_timeout  vl53l0x_api_core.o
    0x08003256   0x08003256   0x0000000c   Code   RO         4610    i.VL53L0X_decode_vcsel_period  vl53l0x_api_core.o
    0x08003262   0x08003262   0x00000052   Code   RO         4611    i.VL53L0X_device_read_strobe  vl53l0x_api_core.o
    0x080032b4   0x080032b4   0x00000028   Code   RO         4612    i.VL53L0X_encode_timeout  vl53l0x_api_core.o
    0x080032dc   0x080032dc   0x0000000e   Code   RO         4613    i.VL53L0X_encode_vcsel_period  vl53l0x_api_core.o
    0x080032ea   0x080032ea   0x00000002   PAD
    0x080032ec   0x080032ec   0x000000dc   Code   RO         4776    i.VL53L0X_get_device_info  vl53l0x_api_strings.o
    0x080033c8   0x080033c8   0x0000054a   Code   RO         4614    i.VL53L0X_get_info_from_device  vl53l0x_api_core.o
    0x08003912   0x08003912   0x000000ee   Code   RO         4615    i.VL53L0X_get_measurement_timing_budget_micro_seconds  vl53l0x_api_core.o
    0x08003a00   0x08003a00   0x00000056   Code   RO         4454    i.VL53L0X_get_offset_calibration_data_micro_meter  vl53l0x_api_calibration.o
    0x08003a56   0x08003a56   0x00000002   PAD
    0x08003a58   0x08003a58   0x000002cc   Code   RO         4778    i.VL53L0X_get_pal_error_string  vl53l0x_api_strings.o
    0x08003d24   0x08003d24   0x00000234   Code   RO         4616    i.VL53L0X_get_pal_range_status  vl53l0x_api_core.o
    0x08003f58   0x08003f58   0x000000d4   Code   RO         4780    i.VL53L0X_get_range_status_string  vl53l0x_api_strings.o
    0x0800402c   0x0800402c   0x00000028   Code   RO         4617    i.VL53L0X_get_total_signal_rate  vl53l0x_api_core.o
    0x08004054   0x08004054   0x0000003a   Code   RO         4618    i.VL53L0X_get_total_xtalk_rate  vl53l0x_api_core.o
    0x0800408e   0x0800408e   0x00000046   Code   RO         4619    i.VL53L0X_get_vcsel_pulse_period  vl53l0x_api_core.o
    0x080040d4   0x080040d4   0x00000034   Code   RO         5006    i.VL53L0X_i2c_init  vl53l0x_i2c.o
    0x08004108   0x08004108   0x0000002c   Code   RO         4620    i.VL53L0X_isqrt     vl53l0x_api_core.o
    0x08004134   0x08004134   0x000000ea   Code   RO         4621    i.VL53L0X_load_tuning_settings  vl53l0x_api_core.o
    0x0800421e   0x0800421e   0x00000042   Code   RO         4622    i.VL53L0X_measurement_poll_for_completion  vl53l0x_api_core.o
    0x08004260   0x08004260   0x0000007c   Code   RO         4458    i.VL53L0X_perform_phase_calibration  vl53l0x_api_calibration.o
    0x080042dc   0x080042dc   0x0000004c   Code   RO         4459    i.VL53L0X_perform_ref_calibration  vl53l0x_api_calibration.o
    0x08004328   0x08004328   0x00000292   Code   RO         4460    i.VL53L0X_perform_ref_spad_management  vl53l0x_api_calibration.o
    0x080045ba   0x080045ba   0x00000040   Code   RO         4461    i.VL53L0X_perform_single_ref_calibration  vl53l0x_api_calibration.o
    0x080045fa   0x080045fa   0x0000007e   Code   RO         4462    i.VL53L0X_perform_vhv_calibration  vl53l0x_api_calibration.o
    0x08004678   0x08004678   0x00000020   Code   RO         5007    i.VL53L0X_read_byte  vl53l0x_i2c.o
    0x08004698   0x08004698   0x0000003a   Code   RO         5008    i.VL53L0X_read_dword  vl53l0x_i2c.o
    0x080046d2   0x080046d2   0x00000028   Code   RO         5009    i.VL53L0X_read_multi  vl53l0x_i2c.o
    0x080046fa   0x080046fa   0x0000002a   Code   RO         5010    i.VL53L0X_read_word  vl53l0x_i2c.o
    0x08004724   0x08004724   0x000000b0   Code   RO         4464    i.VL53L0X_ref_calibration_io  vl53l0x_api_calibration.o
    0x080047d4   0x080047d4   0x00000126   Code   RO         4625    i.VL53L0X_set_measurement_timing_budget_micro_seconds  vl53l0x_api_core.o
    0x080048fa   0x080048fa   0x000000c2   Code   RO         4467    i.VL53L0X_set_reference_spads  vl53l0x_api_calibration.o
    0x080049bc   0x080049bc   0x000002fe   Code   RO         4626    i.VL53L0X_set_vcsel_pulse_period  vl53l0x_api_core.o
    0x08004cba   0x08004cba   0x0000001a   Code   RO         5011    i.VL53L0X_write_byte  vl53l0x_i2c.o
    0x08004cd4   0x08004cd4   0x00000028   Code   RO         5013    i.VL53L0X_write_multi  vl53l0x_i2c.o
    0x08004cfc   0x08004cfc   0x00000056   Code   RO         5014    i.VL53L0X_write_word  vl53l0x_i2c.o
    0x08004d52   0x08004d52   0x00000002   PAD
    0x08004d54   0x08004d54   0x00000050   Code   RO         5015    i.VL_IIC_Ack        vl53l0x_i2c.o
    0x08004da4   0x08004da4   0x00000050   Code   RO         5016    i.VL_IIC_NAck       vl53l0x_i2c.o
    0x08004df4   0x08004df4   0x0000007c   Code   RO         5018    i.VL_IIC_Read_Byte  vl53l0x_i2c.o
    0x08004e70   0x08004e70   0x0000006e   Code   RO         5019    i.VL_IIC_Read_nByte  vl53l0x_i2c.o
    0x08004ede   0x08004ede   0x00000002   PAD
    0x08004ee0   0x08004ee0   0x00000074   Code   RO         5020    i.VL_IIC_Send_Byte  vl53l0x_i2c.o
    0x08004f54   0x08004f54   0x0000004c   Code   RO         5021    i.VL_IIC_Start      vl53l0x_i2c.o
    0x08004fa0   0x08004fa0   0x0000004c   Code   RO         5022    i.VL_IIC_Stop       vl53l0x_i2c.o
    0x08004fec   0x08004fec   0x00000064   Code   RO         5023    i.VL_IIC_Wait_Ack   vl53l0x_i2c.o
    0x08005050   0x08005050   0x00000050   Code   RO         5025    i.VL_IIC_Write_nByte  vl53l0x_i2c.o
    0x080050a0   0x080050a0   0x00000020   Code   RO         5446    i.__0printf         mc_w.l(printfa.o)
    0x080050c0   0x080050c0   0x0000000e   Code   RO         5541    i.__scatterload_copy  mc_w.l(handlers.o)
    0x080050ce   0x080050ce   0x00000002   Code   RO         5542    i.__scatterload_null  mc_w.l(handlers.o)
    0x080050d0   0x080050d0   0x0000000e   Code   RO         5543    i.__scatterload_zeroinit  mc_w.l(handlers.o)
    0x080050de   0x080050de   0x00000002   PAD
    0x080050e0   0x080050e0   0x00000184   Code   RO         5453    i._fp_digits        mc_w.l(printfa.o)
    0x08005264   0x08005264   0x000006dc   Code   RO         5454    i._printf_core      mc_w.l(printfa.o)
    0x08005940   0x08005940   0x00000024   Code   RO         5455    i._printf_post_padding  mc_w.l(printfa.o)
    0x08005964   0x08005964   0x0000002e   Code   RO         5456    i._printf_pre_padding  mc_w.l(printfa.o)
    0x08005992   0x08005992   0x00000002   PAD
    0x08005994   0x08005994   0x00000044   Code   RO         3504    i.delay_init        delay.o
    0x080059d8   0x080059d8   0x0000004c   Code   RO         3505    i.delay_ms          delay.o
    0x08005a24   0x08005a24   0x0000004c   Code   RO         3506    i.delay_us          delay.o
    0x08005a70   0x08005a70   0x000000ac   Code   RO         4469    i.enable_ref_spads  vl53l0x_api_calibration.o
    0x08005b1c   0x08005b1c   0x00000032   Code   RO         4470    i.enable_spad_bit   vl53l0x_api_calibration.o
    0x08005b4e   0x08005b4e   0x00000002   PAD
    0x08005b50   0x08005b50   0x0000001c   Code   RO         3598    i.fputc             usart.o
    0x08005b6c   0x08005b6c   0x00000068   Code   RO         4471    i.get_next_good_spad  vl53l0x_api_calibration.o
    0x08005bd4   0x08005bd4   0x00000018   Code   RO         4472    i.get_ref_spad_map  vl53l0x_api_calibration.o
    0x08005bec   0x08005bec   0x00000122   Code   RO         4627    i.get_sequence_step_timeout  vl53l0x_api_core.o
    0x08005d0e   0x08005d0e   0x00000002   PAD
    0x08005d10   0x08005d10   0x00000018   Code   RO         4473    i.is_aperture       vl53l0x_api_calibration.o
    0x08005d28   0x08005d28   0x000005c8   Code   RO         3639    i.main              main.o
    0x080062f0   0x080062f0   0x0000006e   Code   RO         4474    i.perform_ref_signal_measurement  vl53l0x_api_calibration.o
    0x0800635e   0x0800635e   0x00000002   PAD
    0x08006360   0x08006360   0x00000034   Code   RO         4949    i.print_pal_error   vl53l0x.o
    0x08006394   0x08006394   0x00000048   Code   RO         3923    i.sequence_step_enabled  vl53l0x_api.o
    0x080063dc   0x080063dc   0x00000018   Code   RO         4475    i.set_ref_spad_map  vl53l0x_api_calibration.o
    0x080063f4   0x080063f4   0x00000132   Code   RO         4628    i.set_sequence_step_timeout  vl53l0x_api_core.o
    0x08006526   0x08006526   0x00000002   PAD
    0x08006528   0x08006528   0x000000a0   Code   RO         3599    i.uart_init         usart.o
    0x080065c8   0x080065c8   0x000000a4   Code   RO         4950    i.vl53l0x_Addr_set  vl53l0x.o
    0x0800666c   0x0800666c   0x000000b4   Code   RO         4952    i.vl53l0x_init      vl53l0x.o
    0x08006720   0x08006720   0x00000040   Code   RO         4953    i.vl53l0x_reset     vl53l0x.o
    0x08006760   0x08006760   0x00000130   Code   RO         4879    i.vl53l0x_set_mode  vl53l0x_gen.o
    0x08006890   0x08006890   0x00000044   Code   RO         4880    i.vl53l0x_start_single_test  vl53l0x_gen.o
    0x080068d4   0x080068d4   0x000005f0   Data   RO         3273    .constdata          oled.o
    0x08006ec4   0x08006ec4   0x00000020   Data   RO         5539    Region$$Table       anon$$obj.o


    Execution Region ER_RW (Exec base: 0x20000000, Load base: 0x08006ee4, Size: 0x00000390, Max: 0xffffffff, ABSOLUTE, COMPRESSED[0x000002d8])

    Exec Addr    Load Addr    Size         Type   Attr      Idx    E Section Name        Object

    0x20000000   COMPRESSED   0x00000014   Data   RW           28    .data               system_stm32f10x.o
    0x20000014   COMPRESSED   0x00000014   Data   RW         1805    .data               stm32f10x_rcc.o
    0x20000028   COMPRESSED   0x0000000c   Data   RW         3374    .data               key.o
    0x20000034   COMPRESSED   0x00000004   Data   RW         3507    .data               delay.o
    0x20000038   COMPRESSED   0x00000020   Data   RW         3538    .data               timer.o
    0x20000058   COMPRESSED   0x00000006   Data   RW         3601    .data               usart.o
    0x2000005e   COMPRESSED   0x00000002   PAD
    0x20000060   COMPRESSED   0x00000024   Data   RW         3641    .data               main.o
    0x20000084   COMPRESSED   0x000002a9   Data   RW         3924    .data               vl53l0x_api.o
    0x2000032d   COMPRESSED   0x00000003   PAD
    0x20000330   COMPRESSED   0x00000010   Data   RW         4476    .data               vl53l0x_api_calibration.o
    0x20000340   COMPRESSED   0x0000000d   Data   RW         4835    .data               vl53l0x_it.o
    0x2000034d   COMPRESSED   0x00000003   PAD
    0x20000350   COMPRESSED   0x00000004   Data   RW         4882    .data               vl53l0x_gen.o
    0x20000354   COMPRESSED   0x00000039   Data   RW         4955    .data               vl53l0x.o


    Execution Region ER_ZI (Exec base: 0x20000390, Load base: 0x080071bc, Size: 0x000007c0, Max: 0xffffffff, ABSOLUTE)

    Exec Addr    Load Addr    Size         Type   Attr      Idx    E Section Name        Object

    0x20000390        -       0x000000c8   Zero   RW         3600    .bss                usart.o
    0x20000458        -       0x00000020   Zero   RW         3640    .bss                main.o
    0x20000478        -       0x000000d8   Zero   RW         3767    .bss                pid_control.o
    0x20000550        -       0x0000003c   Zero   RW         4881    .bss                vl53l0x_gen.o
    0x2000058c        -       0x000001c3   Zero   RW         4954    .bss                vl53l0x.o
    0x2000074f   0x080071bc   0x00000001   PAD
    0x20000750        -       0x00000400   Zero   RW            1    STACK               startup_stm32f10x_md.o


==============================================================================

Image component sizes


      Code (inc. data)   RO Data    RW Data    ZI Data      Debug   Object Name

         0          0          0          0          0       4548   core_cm3.o
       220         26          0          4          0       1759   delay.o
       316         24          0         12          0       2516   key.o
        56          6          0          0          0        495   led.o
      1588        352          0         36         32       3360   main.o
       172         22          0          0          0     205557   misc.o
       996         22       1520          0          0       8889   oled.o
       270          6          0          0        216       3949   pid_control.o
       164          4          0          0          0       1157   pwm.o
        36          8        236          0       1024        828   startup_stm32f10x_md.o
         0          0          0          0          0       1688   stm32f10x_adc.o
        12          6          0          0          0        517   stm32f10x_exti.o
       314          0          0          0          0      12664   stm32f10x_gpio.o
        26          0          0          0          0       4010   stm32f10x_it.o
       276         32          0         20          0      13266   stm32f10x_rcc.o
       434         62          0          0          0      26259   stm32f10x_tim.o
       408          6          0          0          0      11114   stm32f10x_usart.o
       328         28          0         20          0      45897   system_stm32f10x.o
       528         78          0         32          0       1903   timer.o
         0          0          0          0          0      15716   ui.o
       324         26          0          6        200       3824   usart.o
       460         66          0         57        451       4421   vl53l0x.o
      4010         62          0        681          0      32571   vl53l0x_api.o
      2012          6          0         16          0      15615   vl53l0x_api_calibration.o
      5792         18          0          0          0      28627   vl53l0x_api_core.o
      1228        620          0          0          0       4257   vl53l0x_api_strings.o
       372         12          0          4         60       3276   vl53l0x_gen.o
      1218         98          0          0          0      11942   vl53l0x_i2c.o
        20          4          0         13          0       1415   vl53l0x_it.o
       442          0          0          0          0       7527   vl53l0x_platform.o

    ----------------------------------------------------------------------
     22062       1594       1788        912       1984     479567   Object Totals
         0          0         32          0          0          0   (incl. Generated)
        40          0          0         11          1          0   (incl. Padding)

    ----------------------------------------------------------------------

      Code (inc. data)   RO Data    RW Data    ZI Data      Debug   Library Member Name

        94          0          0          0          0          0   __dclz77c.o
         0          0          0          0          0          0   entry.o
         0          0          0          0          0          0   entry10a.o
         0          0          0          0          0          0   entry11a.o
         8          4          0          0          0          0   entry2.o
         4          0          0          0          0          0   entry5.o
         0          0          0          0          0          0   entry7b.o
         0          0          0          0          0          0   entry8b.o
         8          4          0          0          0          0   entry9a.o
        30          0          0          0          0          0   handlers.o
        36          8          0          0          0         68   init.o
         0          0          0          0          0          0   iusefp.o
        30          0          0          0          0         68   llshl.o
        36          0          0          0          0         68   llsshr.o
        32          0          0          0          0         68   llushr.o
        36          0          0          0          0         68   memcpya.o
        36          0          0          0          0        108   memseta.o
      2258         90          0          0          0        452   printfa.o
        18          0          0          0          0         68   strcpy.o
        44          0          0          0          0         80   uidiv.o
        98          0          0          0          0         92   uldiv.o
        48          0          0          0          0         68   cdrcmple.o
        20          0          0          0          0         68   cfcmple.o
        20          0          0          0          0         68   cfrcmple.o
        56          0          0          0          0         88   d2f.o
       334          0          0          0          0        148   dadd.o
       222          0          0          0          0        100   ddiv.o
       186          0          0          0          0        176   depilogue.o
        48          0          0          0          0         68   dfixul.o
        34          0          0          0          0         76   dflti.o
        26          0          0          0          0         76   dfltui.o
       228          0          0          0          0         96   dmul.o
        38          0          0          0          0         68   f2d.o
       176          0          0          0          0        140   fadd.o
       110          0          0          0          0        168   fepilogue.o
        50          0          0          0          0         68   ffixi.o
        40          0          0          0          0         68   ffixui.o
        18          0          0          0          0         68   fflti.o
        10          0          0          0          0         68   ffltui.o
       100          0          0          0          0         76   fmul.o

    ----------------------------------------------------------------------
      4538        106          0          0          0       2896   Library Totals
         6          0          0          0          0          0   (incl. Padding)

    ----------------------------------------------------------------------

      Code (inc. data)   RO Data    RW Data    ZI Data      Debug   Library Name

      2768        106          0          0          0       1140   mc_w.l
      1764          0          0          0          0       1756   mf_w.l

    ----------------------------------------------------------------------
      4538        106          0          0          0       2896   Library Totals

    ----------------------------------------------------------------------

==============================================================================


      Code (inc. data)   RO Data    RW Data    ZI Data      Debug   

     26600       1700       1788        912       1984     471723   Grand Totals
     26600       1700       1788        728       1984     471723   ELF Image Totals (compressed)
     26600       1700       1788        728          0          0   ROM Totals

==============================================================================

    Total RO  Size (Code + RO Data)                28388 (  27.72kB)
    Total RW  Size (RW Data + ZI Data)              2896 (   2.83kB)
    Total ROM Size (Code + RO Data + RW Data)      29116 (  28.43kB)

==============================================================================

